Component: Arm Compiler for Embedded 6.23 Tool: armlink [5f102400]

==============================================================================

Section Cross References

    startup_stm32h723xx.o(STACK) refers (Special) to heapauxi.o(.text) for __use_two_region_memory
    startup_stm32h723xx.o(HEAP) refers (Special) to heapauxi.o(.text) for __use_two_region_memory
    startup_stm32h723xx.o(RESET) refers (Special) to heapauxi.o(.text) for __use_two_region_memory
    startup_stm32h723xx.o(RESET) refers to startup_stm32h723xx.o(STACK) for __initial_sp
    startup_stm32h723xx.o(RESET) refers to startup_stm32h723xx.o(.text) for Reset_Handler
    startup_stm32h723xx.o(RESET) refers to stm32h7xx_it.o(.text.NMI_Handler) for NMI_Handler
    startup_stm32h723xx.o(RESET) refers to stm32h7xx_it.o(.text.HardFault_Handler) for HardFault_Handler
    startup_stm32h723xx.o(RESET) refers to stm32h7xx_it.o(.text.MemManage_Handler) for MemManage_Handler
    startup_stm32h723xx.o(RESET) refers to stm32h7xx_it.o(.text.BusFault_Handler) for BusFault_Handler
    startup_stm32h723xx.o(RESET) refers to stm32h7xx_it.o(.text.UsageFault_Handler) for UsageFault_Handler
    startup_stm32h723xx.o(RESET) refers to port.o(.text.SVC_Handler) for SVC_Handler
    startup_stm32h723xx.o(RESET) refers to stm32h7xx_it.o(.text.DebugMon_Handler) for DebugMon_Handler
    startup_stm32h723xx.o(RESET) refers to port.o(.text.PendSV_Handler) for PendSV_Handler
    startup_stm32h723xx.o(RESET) refers to cmsis_os2.o(.text.SysTick_Handler) for SysTick_Handler
    startup_stm32h723xx.o(RESET) refers to stm32h7xx_it.o(.text.USART1_IRQHandler) for USART1_IRQHandler
    startup_stm32h723xx.o(RESET) refers to stm32h7xx_it.o(.text.USART2_IRQHandler) for USART2_IRQHandler
    startup_stm32h723xx.o(RESET) refers to stm32h7xx_it.o(.text.USART3_IRQHandler) for USART3_IRQHandler
    startup_stm32h723xx.o(RESET) refers to stm32h7xx_it.o(.text.UART4_IRQHandler) for UART4_IRQHandler
    startup_stm32h723xx.o(RESET) refers to stm32h7xx_it.o(.text.TIM7_IRQHandler) for TIM7_IRQHandler
    startup_stm32h723xx.o(RESET) refers to stm32h7xx_it.o(.text.UART7_IRQHandler) for UART7_IRQHandler
    startup_stm32h723xx.o(RESET) refers to stm32h7xx_it.o(.text.USART10_IRQHandler) for USART10_IRQHandler
    startup_stm32h723xx.o(.text) refers (Special) to heapauxi.o(.text) for __use_two_region_memory
    startup_stm32h723xx.o(.text) refers to system_stm32h7xx.o(.text.ExitRun0Mode) for ExitRun0Mode
    startup_stm32h723xx.o(.text) refers to system_stm32h7xx.o(.text.SystemInit) for SystemInit
    startup_stm32h723xx.o(.text) refers to __main.o(!!!main) for __main
    startup_stm32h723xx.o(.text) refers to startup_stm32h723xx.o(HEAP) for Heap_Mem
    startup_stm32h723xx.o(.text) refers to startup_stm32h723xx.o(STACK) for Stack_Mem
    main.o(.text.main) refers to stm32h7xx_hal_cortex.o(.text.HAL_MPU_Disable) for HAL_MPU_Disable
    main.o(.text.main) refers to stm32h7xx_hal_cortex.o(.text.HAL_MPU_ConfigRegion) for HAL_MPU_ConfigRegion
    main.o(.text.main) refers to stm32h7xx_hal_cortex.o(.text.HAL_MPU_Enable) for HAL_MPU_Enable
    main.o(.text.main) refers to stm32h7xx_hal.o(.text.HAL_Init) for HAL_Init
    main.o(.text.main) refers to main.o(.text.SystemClock_Config) for SystemClock_Config
    main.o(.text.main) refers to gpio.o(.text.MX_GPIO_Init) for MX_GPIO_Init
    main.o(.text.main) refers to tim.o(.text.MX_TIM1_Init) for MX_TIM1_Init
    main.o(.text.main) refers to tim.o(.text.MX_TIM2_Init) for MX_TIM2_Init
    main.o(.text.main) refers to usart.o(.text.MX_UART4_Init) for MX_UART4_Init
    main.o(.text.main) refers to usart.o(.text.MX_UART5_Init) for MX_UART5_Init
    main.o(.text.main) refers to usart.o(.text.MX_UART7_Init) for MX_UART7_Init
    main.o(.text.main) refers to usart.o(.text.MX_USART1_UART_Init) for MX_USART1_UART_Init
    main.o(.text.main) refers to usart.o(.text.MX_USART2_UART_Init) for MX_USART2_UART_Init
    main.o(.text.main) refers to usart.o(.text.MX_USART3_UART_Init) for MX_USART3_UART_Init
    main.o(.text.main) refers to usart.o(.text.MX_USART10_UART_Init) for MX_USART10_UART_Init
    main.o(.text.main) refers to fdcan.o(.text.MX_FDCAN1_Init) for MX_FDCAN1_Init
    main.o(.text.main) refers to fdcan.o(.text.MX_FDCAN2_Init) for MX_FDCAN2_Init
    main.o(.text.main) refers to fdcan.o(.text.MX_FDCAN3_Init) for MX_FDCAN3_Init
    main.o(.text.main) refers to spi.o(.text.MX_SPI2_Init) for MX_SPI2_Init
    main.o(.text.main) refers to spi.o(.text.MX_SPI6_Init) for MX_SPI6_Init
    main.o(.text.main) refers to tim.o(.text.MX_TIM3_Init) for MX_TIM3_Init
    main.o(.text.main) refers to tim.o(.text.MX_TIM12_Init) for MX_TIM12_Init
    main.o(.text.main) refers to cmsis_os2.o(.text.osKernelInitialize) for osKernelInitialize
    main.o(.text.main) refers to freertos.o(.text.MX_FREERTOS_Init) for MX_FREERTOS_Init
    main.o(.text.main) refers to cmsis_os2.o(.text.osKernelStart) for osKernelStart
[...]
    HEAP                                     0x240052b0   Section      512  startup_stm32h723xx.o(HEAP)
    Stack_Mem                                0x240054b0   Data        1024  startup_stm32h723xx.o(STACK)
    STACK                                    0x240054b0   Section     1024  startup_stm32h723xx.o(STACK)
    __initial_sp                             0x240058b0   Data           0  startup_stm32h723xx.o(STACK)

    Global Symbols

    Symbol Name                              Value     Ov Type        Size  Object(Section)

    BuildAttributes$$THM_ISAv4$E$P$D$K$B$S$7EM$VFPv5_D16$PE$PLD8$A:L22UL41UL21$X:L11$S22US41US21$IEEE1$IW$~IW$USESV6$~STKCKD$USESV7$~SHL$OTIME$ROPI$EBA8$UX$STANDARDLIB$REQ8$PRES8$EABIv2 0x00000000   Number         0  anon$$obj.o ABSOLUTE
    __ARM_exceptions_init                     - Undefined Weak Reference
    __alloca_initialize                       - Undefined Weak Reference
    __arm_preinit_                            - Undefined Weak Reference
    __arm_relocate_pie_                       - Undefined Weak Reference
    __cpp_initialize__aeabi_                  - Undefined Weak Reference
    __cxa_finalize                            - Undefined Weak Reference
    __sigvec_lookup                           - Undefined Weak Reference
    __user_heap_extent                        - Undefined Weak Reference
    _atexit_init                              - Undefined Weak Reference
    _call_atexit_fns                          - Undefined Weak Reference
    _clock_init                               - Undefined Weak Reference
    _fp_trap_init                             - Undefined Weak Reference
    _fp_trap_shutdown                         - Undefined Weak Reference
    _get_lc_collate                           - Undefined Weak Reference
    _get_lc_monetary                          - Undefined Weak Reference
    _get_lc_numeric                           - Undefined Weak Reference
    _get_lc_time                              - Undefined Weak Reference
    _getenv_init                              - Undefined Weak Reference
    _handle_redirection                       - Undefined Weak Reference
    _initio                                   - Undefined Weak Reference
    _mutex_acquire                            - Undefined Weak Reference
    _mutex_free                               - Undefined Weak Reference
    _mutex_release                            - Undefined Weak Reference
    _rand_init                                - Undefined Weak Reference
    _signal_finish                            - Undefined Weak Reference
    _signal_init                              - Undefined Weak Reference
    _terminateio                              - Undefined Weak Reference
    __Vectors_Size                           0x000002cc   Number         0  startup_stm32h723xx.o ABSOLUTE
    __Vectors                                0x08000000   Data           4  startup_stm32h723xx.o(RESET)
    __Vectors_End                            0x080002cc   Data           0  startup_stm32h723xx.o(RESET)
    __main                                   0x080002cd   Thumb Code     8  __main.o(!!!main)
    __scatterload                            0x080002d5   Thumb Code     0  __scatter.o(!!!scatter)
    __scatterload_rt2                        0x080002d5   Thumb Code    84  __scatter.o(!!!scatter)
    __scatterload_rt2_thumb_only             0x080002d5   Thumb Code     0  __scatter.o(!!!scatter)
    __scatterload_loop                       0x080002df   Thumb Code     0  __scatter.o(!!!scatter)
    __scatterload_copy                       0x08000331   Thumb Code    26  __scatter_copy.o(!!handler_copy)
    __scatterload_null                       0x0800034d   Thumb Code     2  __scatter.o(!!handler_null)
    __scatterload_zeroinit                   0x08000351   Thumb Code    28  __scatter_zi.o(!!handler_zi)
    __rt_lib_init                            0x0800036d   Thumb Code     0  libinit.o(.ARM.Collect$$libinit$$00000000)
    __rt_lib_init_fp_1                       0x0800036f   Thumb Code     0  libinit2.o(.ARM.Collect$$libinit$$00000001)
    __rt_lib_init_alloca_1                   0x08000373   Thumb Code     0  libinit2.o(.ARM.Collect$$libinit$$00000030)
    __rt_lib_init_argv_1                     0x08000373   Thumb Code     0  libinit2.o(.ARM.Collect$$libinit$$0000002E)
    __rt_lib_init_atexit_1                   0x08000373   Thumb Code     0  libinit2.o(.ARM.Collect$$libinit$$0000001D)
    __rt_lib_init_clock_1                    0x08000373   Thumb Code     0  libinit2.o(.ARM.Collect$$libinit$$00000023)
    __rt_lib_init_cpp_1                      0x08000373   Thumb Code     0  libinit2.o(.ARM.Collect$$libinit$$00000034)
    __rt_lib_init_exceptions_1               0x08000373   Thumb Code     0  libinit2.o(.ARM.Collect$$libinit$$00000032)
    __rt_lib_init_fp_trap_1                  0x08000373   Thumb Code     0  libinit2.o(.ARM.Collect$$libinit$$00000021)
    __rt_lib_init_getenv_1                   0x08000373   Thumb Code     0  libinit2.o(.ARM.Collect$$libinit$$00000025)
    __rt_lib_init_heap_1                     0x08000373   Thumb Code     0  libinit2.o(.ARM.Collect$$libinit$$0000000C)
    __rt_lib_init_lc_collate_1               0x08000373   Thumb Code     0  libinit2.o(.ARM.Collect$$libinit$$00000013)
    __rt_lib_init_lc_ctype_1                 0x08000373   Thumb Code     0  libinit2.o(.ARM.Collect$$libinit$$00000015)
    __rt_lib_init_lc_monetary_1              0x08000373   Thumb Code     0  libinit2.o(.ARM.Collect$$libinit$$00000017)
    __rt_lib_init_lc_numeric_1               0x08000373   Thumb Code     0  libinit2.o(.ARM.Collect$$libinit$$00000019)
    __rt_lib_init_lc_time_1                  0x08000373   Thumb Code     0  libinit2.o(.ARM.Collect$$libinit$$0000001B)
    __rt_lib_init_preinit_1                  0x08000373   Thumb Code     0  libinit2.o(.ARM.Collect$$libinit$$00000006)
    __rt_lib_init_rand_1                     0x08000373   Thumb Code     0  libinit2.o(.ARM.Collect$$libinit$$00000010)
    __rt_lib_init_relocate_pie_1             0x08000373   Thumb Code     0  libinit2.o(.ARM.Collect$$libinit$$00000004)
    __rt_lib_init_return                     0x08000373   Thumb Code     0  libinit2.o(.ARM.Collect$$libinit$$00000035)
    __rt_lib_init_signal_1                   0x08000373   Thumb Code     0  libinit2.o(.ARM.Collect$$libinit$$0000001F)
    __rt_lib_init_stdio_1                    0x08000373   Thumb Code     0  libinit2.o(.ARM.Collect$$libinit$$00000027)
    __rt_lib_init_user_alloc_1               0x08000373   Thumb Code     0  libinit2.o(.ARM.Collect$$libinit$$0000000E)
    __rt_lib_shutdown                        0x08000375   Thumb Code     0  libshutdown.o(.ARM.Collect$$libshutdown$$00000000)
    __rt_lib_shutdown_cpp_1                  0x08000377   Thumb Code     0  libshutdown2.o(.ARM.Collect$$libshutdown$$00000002)
    __rt_lib_shutdown_fp_trap_1              0x08000377   Thumb Code     0  libshutdown2.o(.ARM.Collect$$libshutdown$$00000007)
    __rt_lib_shutdown_heap_1                 0x08000377   Thumb Code     0  libshutdown2.o(.ARM.Collect$$libshutdown$$0000000F)
    __rt_lib_shutdown_return                 0x08000377   Thumb Code     0  libshutdown2.o(.ARM.Collect$$libshutdown$$00000010)
    __rt_lib_shutdown_signal_1               0x08000377   Thumb Code     0  libshutdown2.o(.ARM.Collect$$libshutdown$$0000000A)
    __rt_lib_shutdown_stdio_1                0x08000377   Thumb Code     0  libshutdown2.o(.ARM.Collect$$libshutdown$$00000004)
    __rt_lib_shutdown_user_alloc_1           0x08000377   Thumb Code     0  libshutdown2.o(.ARM.Collect$$libshutdown$$0000000C)
    __rt_entry                               0x08000379   Thumb Code     0  __rtentry.o(.ARM.Collect$$rtentry$$00000000)
    __rt_entry_presh_1                       0x08000379   Thumb Code     0  __rtentry2.o(.ARM.Collect$$rtentry$$00000002)
    __rt_entry_sh                            0x08000379   Thumb Code     0  __rtentry4.o(.ARM.Collect$$rtentry$$00000004)
    __rt_entry_li                            0x0800037f   Thumb Code     0  __rtentry2.o(.ARM.Collect$$rtentry$$0000000A)
    __rt_entry_postsh_1                      0x0800037f   Thumb Code     0  __rtentry2.o(.ARM.Collect$$rtentry$$00000009)
    __rt_entry_main                          0x08000383   Thumb Code     0  __rtentry2.o(.ARM.Collect$$rtentry$$0000000D)
    __rt_entry_postli_1                      0x08000383   Thumb Code     0  __rtentry2.o(.ARM.Collect$$rtentry$$0000000C)
    __rt_exit                                0x0800038b   Thumb Code     0  rtexit.o(.ARM.Collect$$rtexit$$00000000)
    __rt_exit_ls                             0x0800038d   Thumb Code     0  rtexit2.o(.ARM.Collect$$rtexit$$00000003)
    __rt_exit_prels_1                        0x0800038d   Thumb Code     0  rtexit2.o(.ARM.Collect$$rtexit$$00000002)
    __rt_exit_exit                           0x08000391   Thumb Code     0  rtexit2.o(.ARM.Collect$$rtexit$$00000004)
    Reset_Handler                            0x08000399   Thumb Code    12  startup_stm32h723xx.o(.text)
    ADC3_IRQHandler                          0x080003b7   Thumb Code     0  startup_stm32h723xx.o(.text)
    ADC_IRQHandler                           0x080003b7   Thumb Code     0  startup_stm32h723xx.o(.text)
    BDMA_Channel0_IRQHandler                 0x080003b7   Thumb Code     0  startup_stm32h723xx.o(.text)
    BDMA_Channel1_IRQHandler                 0x080003b7   Thumb Code     0  startup_stm32h723xx.o(.text)
    BDMA_Channel2_IRQHandler                 0x080003b7   Thumb Code     0  startup_stm32h723xx.o(.text)
    BDMA_Channel3_IRQHandler                 0x080003b7   Thumb Code     0  startup_stm32h723xx.o(.text)
    BDMA_Channel4_IRQHandler                 0x080003b7   Thumb Code     0  startup_stm32h723xx.o(.text)
    BDMA_Channel5_IRQHandler                 0x080003b7   Thumb Code     0  startup_stm32h723xx.o(.text)
    BDMA_Channel6_IRQHandler                 0x080003b7   Thumb Code     0  startup_stm32h723xx.o(.text)
    BDMA_Channel7_IRQHandler                 0x080003b7   Thumb Code     0  startup_stm32h723xx.o(.text)
    CEC_IRQHandler                           0x080003b7   Thumb Code     0  startup_stm32h723xx.o(.text)
    COMP1_IRQHandler                         0x080003b7   Thumb Code     0  startup_stm32h723xx.o(.text)
    CORDIC_IRQHandler                        0x080003b7   Thumb Code     0  startup_stm32h723xx.o(.text)
    CRS_IRQHandler                           0x080003b7   Thumb Code     0  startup_stm32h723xx.o(.text)
    DCMI_PSSI_IRQHandler                     0x080003b7   Thumb Code     0  startup_stm32h723xx.o(.text)
    DFSDM1_FLT0_IRQHandler                   0x080003b7   Thumb Code     0  startup_stm32h723xx.o(.text)
    DFSDM1_FLT1_IRQHandler                   0x080003b7   Thumb Code     0  startup_stm32h723xx.o(.text)
    DFSDM1_FLT2_IRQHandler                   0x080003b7   Thumb Code     0  startup_stm32h723xx.o(.text)
    DFSDM1_FLT3_IRQHandler                   0x080003b7   Thumb Code     0  startup_stm32h723xx.o(.text)
    DMA1_Stream0_IRQHandler                  0x080003b7   Thumb Code     0  startup_stm32h723xx.o(.text)
    DMA1_Stream1_IRQHandler                  0x080003b7   Thumb Code     0  startup_stm32h723xx.o(.text)
    DMA1_Stream2_IRQHandler                  0x080003b7   Thumb Code     0  startup_stm32h723xx.o(.text)
    DMA1_Stream3_IRQHandler                  0x080003b7   Thumb Code     0  startup_stm32h723xx.o(.text)
    DMA1_Stream4_IRQHandler                  0x080003b7   Thumb Code     0  startup_stm32h723xx.o(.text)
    DMA1_Stream5_IRQHandler                  0x080003b7   Thumb Code     0  startup_stm32h723xx.o(.text)
    DMA1_Stream6_IRQHandler                  0x080003b7   Thumb Code     0  startup_stm32h723xx.o(.text)
    DMA1_Stream7_IRQHandler                  0x080003b7   Thumb Code     0  startup_stm32h723xx.o(.text)
    DMA2D_IRQHandler                         0x080003b7   Thumb Code     0  startup_stm32h723xx.o(.text)
    DMA2_Stream0_IRQHandler                  0x080003b7   Thumb Code     0  startup_stm32h723xx.o(.text)
    DMA2_Stream1_IRQHandler                  0x080003b7   Thumb Code     0  startup_stm32h723xx.o(.text)
    DMA2_Stream2_IRQHandler                  0x080003b7   Thumb Code     0  startup_stm32h723xx.o(.text)
    DMA2_Stream3_IRQHandler                  0x080003b7   Thumb Code     0  startup_stm32h723xx.o(.text)
    DMA2_Stream4_IRQHandler                  0x080003b7   Thumb Code     0  startup_stm32h723xx.o(.text)
    DMA2_Stream5_IRQHandler                  0x080003b7   Thumb Code     0  startup_stm32h723xx.o(.text)
    DMA2_Stream6_IRQHandler                  0x080003b7   Thumb Code     0  startup_stm32h723xx.o(.text)
    DMA2_Stream7_IRQHandler                  0x080003b7   Thumb Code     0  startup_stm32h723xx.o(.text)
    DMAMUX1_OVR_IRQHandler                   0x080003b7   Thumb Code     0  startup_stm32h723xx.o(.text)
    DMAMUX2_OVR_IRQHandler                   0x080003b7   Thumb Code     0  startup_stm32h723xx.o(.text)
    DTS_IRQHandler                           0x080003b7   Thumb Code     0  startup_stm32h723xx.o(.text)
    ECC_IRQHandler                           0x080003b7   Thumb Code     0  startup_stm32h723xx.o(.text)
    ETH_IRQHandler                           0x080003b7   Thumb Code     0  startup_stm32h723xx.o(.text)
    ETH_WKUP_IRQHandler                      0x080003b7   Thumb Code     0  startup_stm32h723xx.o(.text)
    EXTI0_IRQHandler                         0x080003b7   Thumb Code     0  startup_stm32h723xx.o(.text)
    EXTI15_10_IRQHandler                     0x080003b7   Thumb Code     0  startup_stm32h723xx.o(.text)
    EXTI1_IRQHandler                         0x080003b7   Thumb Code     0  startup_stm32h723xx.o(.text)
    EXTI2_IRQHandler                         0x080003b7   Thumb Code     0  startup_stm32h723xx.o(.text)
    EXTI3_IRQHandler                         0x080003b7   Thumb Code     0  startup_stm32h723xx.o(.text)
    EXTI4_IRQHandler                         0x080003b7   Thumb Code     0  startup_stm32h723xx.o(.text)
    EXTI9_5_IRQHandler                       0x080003b7   Thumb Code     0  startup_stm32h723xx.o(.text)
    FDCAN1_IT0_IRQHandler                    0x080003b7   Thumb Code     0  startup_stm32h723xx.o(.text)
    FDCAN1_IT1_IRQHandler                    0x080003b7   Thumb Code     0  startup_stm32h723xx.o(.text)
    FDCAN2_IT0_IRQHandler                    0x080003b7   Thumb Code     0  startup_stm32h723xx.o(.text)
    FDCAN2_IT1_IRQHandler                    0x080003b7   Thumb Code     0  startup_stm32h723xx.o(.text)
    FDCAN3_IT0_IRQHandler                    0x080003b7   Thumb Code     0  startup_stm32h723xx.o(.text)
    FDCAN3_IT1_IRQHandler                    0x080003b7   Thumb Code     0  startup_stm32h723xx.o(.text)
    FDCAN_CAL_IRQHandler                     0x080003b7   Thumb Code     0  startup_stm32h723xx.o(.text)
    FLASH_IRQHandler                         0x080003b7   Thumb Code     0  startup_stm32h723xx.o(.text)
    FMAC_IRQHandler                          0x080003b7   Thumb Code     0  startup_stm32h723xx.o(.text)
    FMC_IRQHandler                           0x080003b7   Thumb Code     0  startup_stm32h723xx.o(.text)
    FPU_IRQHandler                           0x080003b7   Thumb Code     0  startup_stm32h723xx.o(.text)
    HSEM1_IRQHandler                         0x080003b7   Thumb Code     0  startup_stm32h723xx.o(.text)
    I2C1_ER_IRQHandler                       0x080003b7   Thumb Code     0  startup_stm32h723xx.o(.text)
    I2C1_EV_IRQHandler                       0x080003b7   Thumb Code     0  startup_stm32h723xx.o(.text)
    I2C2_ER_IRQHandler                       0x080003b7   Thumb Code     0  startup_stm32h723xx.o(.text)
    I2C2_EV_IRQHandler                       0x080003b7   Thumb Code     0  startup_stm32h723xx.o(.text)
    I2C3_ER_IRQHandler                       0x080003b7   Thumb Code     0  startup_stm32h723xx.o(.text)
    I2C3_EV_IRQHandler                       0x080003b7   Thumb Code     0  startup_stm32h723xx.o(.text)
    I2C4_ER_IRQHandler                       0x080003b7   Thumb Code     0  startup_stm32h723xx.o(.text)
    I2C4_EV_IRQHandler                       0x080003b7   Thumb Code     0  startup_stm32h723xx.o(.text)
    I2C5_ER_IRQHandler                       0x080003b7   Thumb Code     0  startup_stm32h723xx.o(.text)
    I2C5_EV_IRQHandler                       0x080003b7   Thumb Code     0  startup_stm32h723xx.o(.text)
    LPTIM1_IRQHandler                        0x080003b7   Thumb Code     0  startup_stm32h723xx.o(.text)
    LPTIM2_IRQHandler                        0x080003b7   Thumb Code     0  startup_stm32h723xx.o(.text)
    LPTIM3_IRQHandler                        0x080003b7   Thumb Code     0  startup_stm32h723xx.o(.text)
    LPTIM4_IRQHandler                        0x080003b7   Thumb Code     0  startup_stm32h723xx.o(.text)
    LPTIM5_IRQHandler                        0x080003b7   Thumb Code     0  startup_stm32h723xx.o(.text)
    LPUART1_IRQHandler                       0x080003b7   Thumb Code     0  startup_stm32h723xx.o(.text)
    LTDC_ER_IRQHandler                       0x080003b7   Thumb Code     0  startup_stm32h723xx.o(.text)
    LTDC_IRQHandler                          0x080003b7   Thumb Code     0  startup_stm32h723xx.o(.text)
    MDIOS_IRQHandler                         0x080003b7   Thumb Code     0  startup_stm32h723xx.o(.text)
    MDIOS_WKUP_IRQHandler                    0x080003b7   Thumb Code     0  startup_stm32h723xx.o(.text)
    MDMA_IRQHandler                          0x080003b7   Thumb Code     0  startup_stm32h723xx.o(.text)
    OCTOSPI1_IRQHandler                      0x080003b7   Thumb Code     0  startup_stm32h723xx.o(.text)
    OCTOSPI2_IRQHandler                      0x080003b7   Thumb Code     0  startup_stm32h723xx.o(.text)
    OTG_HS_EP1_IN_IRQHandler                 0x080003b7   Thumb Code     0  startup_stm32h723xx.o(.text)
    OTG_HS_EP1_OUT_IRQHandler                0x080003b7   Thumb Code     0  startup_stm32h723xx.o(.text)
    OTG_HS_IRQHandler                        0x080003b7   Thumb Code     0  startup_stm32h723xx.o(.text)
    OTG_HS_WKUP_IRQHandler                   0x080003b7   Thumb Code     0  startup_stm32h723xx.o(.text)
    PVD_AVD_IRQHandler                       0x080003b7   Thumb Code     0  startup_stm32h723xx.o(.text)
    RCC_IRQHandler                           0x080003b7   Thumb Code     0  startup_stm32h723xx.o(.text)
    RNG_IRQHandler                           0x080003b7   Thumb Code     0  startup_stm32h723xx.o(.text)
    RTC_Alarm_IRQHandler                     0x080003b7   Thumb Code     0  startup_stm32h723xx.o(.text)
    RTC_WKUP_IRQHandler                      0x080003b7   Thumb Code     0  startup_stm32h723xx.o(.text)
    SAI1_IRQHandler                          0x080003b7   Thumb Code     0  startup_stm32h723xx.o(.text)
    SAI4_IRQHandler                          0x080003b7   Thumb Code     0  startup_stm32h723xx.o(.text)
    SDMMC1_IRQHandler                        0x080003b7   Thumb Code     0  startup_stm32h723xx.o(.text)
    SDMMC2_IRQHandler                        0x080003b7   Thumb Code     0  startup_stm32h723xx.o(.text)
    SPDIF_RX_IRQHandler                      0x080003b7   Thumb Code     0  startup_stm32h723xx.o(.text)
    SPI1_IRQHandler                          0x080003b7   Thumb Code     0  startup_stm32h723xx.o(.text)
    SPI2_IRQHandler                          0x080003b7   Thumb Code     0  startup_stm32h723xx.o(.text)
    SPI3_IRQHandler                          0x080003b7   Thumb Code     0  startup_stm32h723xx.o(.text)
    SPI4_IRQHandler                          0x080003b7   Thumb Code     0  startup_stm32h723xx.o(.text)
    SPI5_IRQHandler                          0x080003b7   Thumb Code     0  startup_stm32h723xx.o(.text)
    SPI6_IRQHandler                          0x080003b7   Thumb Code     0  startup_stm32h723xx.o(.text)
    SWPMI1_IRQHandler                        0x080003b7   Thumb Code     0  startup_stm32h723xx.o(.text)
    TAMP_STAMP_IRQHandler                    0x080003b7   Thumb Code     0  startup_stm32h723xx.o(.text)
    TIM15_IRQHandler                         0x080003b7   Thumb Code     0  startup_stm32h723xx.o(.text)
    TIM16_IRQHandler                         0x080003b7   Thumb Code     0  startup_stm32h723xx.o(.text)
    TIM17_IRQHandler                         0x080003b7   Thumb Code     0  startup_stm32h723xx.o(.text)
    TIM1_BRK_IRQHandler                      0x080003b7   Thumb Code     0  startup_stm32h723xx.o(.text)
    TIM1_CC_IRQHandler                       0x080003b7   Thumb Code     0  startup_stm32h723xx.o(.text)
    TIM1_TRG_COM_IRQHandler                  0x080003b7   Thumb Code     0  startup_stm32h723xx.o(.text)
    TIM1_UP_IRQHandler                       0x080003b7   Thumb Code     0  startup_stm32h723xx.o(.text)
    TIM23_IRQHandler                         0x080003b7   Thumb Code     0  startup_stm32h723xx.o(.text)
    TIM24_IRQHandler                         0x080003b7   Thumb Code     0  startup_stm32h723xx.o(.text)
    TIM2_IRQHandler                          0x080003b7   Thumb Code     0  startup_stm32h723xx.o(.text)
    TIM3_IRQHandler                          0x080003b7   Thumb Code     0  startup_stm32h723xx.o(.text)
    TIM4_IRQHandler                          0x080003b7   Thumb Code     0  startup_stm32h723xx.o(.text)
    TIM5_IRQHandler                          0x080003b7   Thumb Code     0  startup_stm32h723xx.o(.text)
    TIM6_DAC_IRQHandler                      0x080003b7   Thumb Code     0  startup_stm32h723xx.o(.text)
    TIM8_BRK_TIM12_IRQHandler                0x080003b7   Thumb Code     0  startup_stm32h723xx.o(.text)
    TIM8_CC_IRQHandler                       0x080003b7   Thumb Code     0  startup_stm32h723xx.o(.text)
    TIM8_TRG_COM_TIM14_IRQHandler            0x080003b7   Thumb Code     0  startup_stm32h723xx.o(.text)
    TIM8_UP_TIM13_IRQHandler                 0x080003b7   Thumb Code     0  startup_stm32h723xx.o(.text)
    UART5_IRQHandler                         0x080003b7   Thumb Code     0  startup_stm32h723xx.o(.text)
    UART8_IRQHandler                         0x080003b7   Thumb Code     0  startup_stm32h723xx.o(.text)
    UART9_IRQHandler                         0x080003b7   Thumb Code     0  startup_stm32h723xx.o(.text)
    USART6_IRQHandler                        0x080003b7   Thumb Code     0  startup_stm32h723xx.o(.text)
    WAKEUP_PIN_IRQHandler                    0x080003b7   Thumb Code     0  startup_stm32h723xx.o(.text)
    WWDG_IRQHandler                          0x080003b7   Thumb Code     0  startup_stm32h723xx.o(.text)
    __user_initial_stackheap                 0x080003b9   Thumb Code     0  startup_stm32h723xx.o(.text)
    __aeabi_uldivmod                         0x080003e1   Thumb Code     0  lludivv7m.o(.text)
    _ll_udiv                                 0x080003e1   Thumb Code   240  lludivv7m.o(.text)
    __aeabi_memcpy                           0x080004d1   Thumb Code     0  rt_memcpy_v6.o(.text)
    __rt_memcpy                              0x080004d1   Thumb Code   138  rt_memcpy_v6.o(.text)
    _memcpy_lastbytes                        0x08000537   Thumb Code     0  rt_memcpy_v6.o(.text)
    __aeabi_memcpy4                          0x0800055b   Thumb Code     0  rt_memcpy_w.o(.text)
    __aeabi_memcpy8                          0x0800055b   Thumb Code     0  rt_memcpy_w.o(.text)
    __rt_memcpy_w                            0x0800055b   Thumb Code   100  rt_memcpy_w.o(.text)
    _memcpy_lastbytes_aligned                0x080005a3   Thumb Code     0  rt_memcpy_w.o(.text)
    __aeabi_memset4                          0x080005bf   Thumb Code    16  aeabi_memset4.o(.text)
    __aeabi_memset8                          0x080005bf   Thumb Code     0  aeabi_memset4.o(.text)
    __aeabi_memclr                           0x080005cf   Thumb Code     0  rt_memclr.o(.text)
    __rt_memclr                              0x080005cf   Thumb Code     0  rt_memclr.o(.text)
    _memset                                  0x080005d3   Thumb Code    64  rt_memclr.o(.text)
    __aeabi_memclr4                          0x08000613   Thumb Code     0  rt_memclr_w.o(.text)
    __aeabi_memclr8                          0x08000613   Thumb Code     0  rt_memclr_w.o(.text)
    __rt_memclr_w                            0x08000613   Thumb Code     0  rt_memclr_w.o(.text)
    _memset_w                                0x08000617   Thumb Code    74  rt_memclr_w.o(.text)
    __use_two_region_memory                  0x08000661   Thumb Code     2  heapauxi.o(.text)
    __rt_heap_escrow                         0x08000663   Thumb Code     2  heapauxi.o(.text)
    __rt_heap_expand                         0x08000665   Thumb Code     2  heapauxi.o(.text)
    __user_libspace                          0x08000669   Thumb Code     8  libspace.o(.text)
    __user_perproc_libspace                  0x08000669   Thumb Code     0  libspace.o(.text)
    __user_perthread_libspace                0x08000669   Thumb Code     0  libspace.o(.text)
    __I$use$semihosting                      0x08000671   Thumb Code     0  use_no_semi.o(.text)
    __use_no_semihosting_swi                 0x08000671   Thumb Code     2  use_no_semi.o(.text)
    __semihosting_library_function           0x08000673   Thumb Code     0  indicate_semi.o(.text)
    __user_setup_stackheap                   0x08000673   Thumb Code    74  sys_stackheap_outer.o(.text)
    exit                                     0x080006bd   Thumb Code    18  exit.o(.text)
    _sys_exit                                0x080006d1   Thumb Code     8  sys_exit.o(.text)
    BusFault_Handler                         0x080006e1   Thumb Code     2  stm32h7xx_it.o(.text.BusFault_Handler)
    DebugMon_Handler                         0x080009f1   Thumb Code     2  stm32h7xx_it.o(.text.DebugMon_Handler)
    Error_Handler                            0x080009f9   Thumb Code    10  main.o(.text.Error_Handler)
    ExitRun0Mode                             0x08000a09   Thumb Code    44  system_stm32h7xx.o(.text.ExitRun0Mode)
    HAL_DMA_Abort                            0x08000a39   Thumb Code  1318  stm32h7xx_hal_dma.o(.text.HAL_DMA_Abort)
    HAL_DMA_Abort_IT                         0x08000f61   Thumb Code   694  stm32h7xx_hal_dma.o(.text.HAL_DMA_Abort_IT)
    HAL_DMA_GetError                         0x08001219   Thumb Code     4  stm32h7xx_hal_dma.o(.text.HAL_DMA_GetError)
    HAL_DMA_Start_IT                         0x08001221   Thumb Code   938  stm32h7xx_hal_dma.o(.text.HAL_DMA_Start_IT)
    HAL_FDCAN_Init                           0x080015d1   Thumb Code  1020  stm32h7xx_hal_fdcan.o(.text.HAL_FDCAN_Init)
    HAL_FDCAN_MspInit                        0x080019d1   Thumb Code   414  fdcan.o(.text.HAL_FDCAN_MspInit)
    HAL_GPIO_DeInit                          0x08001b71   Thumb Code   284  stm32h7xx_hal_gpio.o(.text.HAL_GPIO_DeInit)
    HAL_GPIO_Init                            0x08001c91   Thumb Code   422  stm32h7xx_hal_gpio.o(.text.HAL_GPIO_Init)
    HAL_GetTick                              0x08001e39   Thumb Code    12  stm32h7xx_hal.o(.text.HAL_GetTick)
    HAL_IncTick                              0x08001e49   Thumb Code    26  stm32h7xx_hal.o(.text.HAL_IncTick)
    HAL_Init                                 0x08001e69   Thumb Code   100  stm32h7xx_hal.o(.text.HAL_Init)
    HAL_InitTick                             0x08001ed1   Thumb Code   168  stm32h7xx_hal_timebase_tim.o(.text.HAL_InitTick)
    HAL_MPU_ConfigRegion                     0x08001f79   Thumb Code    94  stm32h7xx_hal_cortex.o(.text.HAL_MPU_ConfigRegion)
    HAL_MPU_Disable                          0x08001fd9   Thumb Code    26  stm32h7xx_hal_cortex.o(.text.HAL_MPU_Disable)
    HAL_MPU_Enable                           0x08001ff9   Thumb Code    32  stm32h7xx_hal_cortex.o(.text.HAL_MPU_Enable)
    HAL_MspInit                              0x08002019   Thumb Code    42  stm32h7xx_hal_msp.o(.text.HAL_MspInit)
    HAL_NVIC_DisableIRQ                      0x08002049   Thumb Code    42  stm32h7xx_hal_cortex.o(.text.HAL_NVIC_DisableIRQ)
    HAL_NVIC_EnableIRQ                       0x08002079   Thumb Code    34  stm32h7xx_hal_cortex.o(.text.HAL_NVIC_EnableIRQ)
    HAL_NVIC_SetPriority                     0x080020a1   Thumb Code    90  stm32h7xx_hal_cortex.o(.text.HAL_NVIC_SetPriority)
    HAL_NVIC_SetPriorityGrouping             0x08002101   Thumb Code    32  stm32h7xx_hal_cortex.o(.text.HAL_NVIC_SetPriorityGrouping)
    HAL_PWREx_ConfigSupply                   0x08002121   Thumb Code    76  stm32h7xx_hal_pwr_ex.o(.text.HAL_PWREx_ConfigSupply)
    HAL_RCCEx_GetD3PCLK1Freq                 0x08002171   Thumb Code    38  stm32h7xx_hal_rcc_ex.o(.text.HAL_RCCEx_GetD3PCLK1Freq)
    HAL_RCCEx_GetPLL2ClockFreq               0x08002199   Thumb Code   280  stm32h7xx_hal_rcc_ex.o(.text.HAL_RCCEx_GetPLL2ClockFreq)
    HAL_RCCEx_GetPLL3ClockFreq               0x080022c1   Thumb Code   280  stm32h7xx_hal_rcc_ex.o(.text.HAL_RCCEx_GetPLL3ClockFreq)
    HAL_RCCEx_PeriphCLKConfig                0x080023e9   Thumb Code  2688  stm32h7xx_hal_rcc_ex.o(.text.HAL_RCCEx_PeriphCLKConfig)
    HAL_RCC_ClockConfig                      0x08002e69   Thumb Code   596  stm32h7xx_hal_rcc.o(.text.HAL_RCC_ClockConfig)
    HAL_RCC_GetClockConfig                   0x080030c1   Thumb Code    88  stm32h7xx_hal_rcc.o(.text.HAL_RCC_GetClockConfig)
    HAL_RCC_GetHCLKFreq                      0x08003119   Thumb Code    76  stm32h7xx_hal_rcc.o(.text.HAL_RCC_GetHCLKFreq)
    HAL_RCC_GetPCLK1Freq                     0x08003169   Thumb Code    96  stm32h7xx_hal_rcc.o(.text.HAL_RCC_GetPCLK1Freq)
    HAL_RCC_GetPCLK2Freq                     0x080031c9   Thumb Code    96  stm32h7xx_hal_rcc.o(.text.HAL_RCC_GetPCLK2Freq)
    HAL_RCC_GetSysClockFreq                  0x08003229   Thumb Code   264  stm32h7xx_hal_rcc.o(.text.HAL_RCC_GetSysClockFreq)
    HAL_RCC_OscConfig                        0x08003349   Thumb Code  1324  stm32h7xx_hal_rcc.o(.text.HAL_RCC_OscConfig)
    HAL_RS485Ex_Init                         0x08003879   Thumb Code   132  stm32h7xx_hal_uart_ex.o(.text.HAL_RS485Ex_Init)
    HAL_SPI_Init                             0x08003901   Thumb Code   444  stm32h7xx_hal_spi.o(.text.HAL_SPI_Init)
    HAL_SPI_MspInit                          0x08003ac1   Thumb Code   286  spi.o(.text.HAL_SPI_MspInit)
    HAL_TIMEx_Break2Callback                 0x08003be1   Thumb Code     2  stm32h7xx_hal_tim_ex.o(.text.HAL_TIMEx_Break2Callback)
    HAL_TIMEx_BreakCallback                  0x08003be9   Thumb Code     2  stm32h7xx_hal_tim_ex.o(.text.HAL_TIMEx_BreakCallback)
    HAL_TIMEx_CommutCallback                 0x08003bf1   Thumb Code     2  stm32h7xx_hal_tim_ex.o(.text.HAL_TIMEx_CommutCallback)
    HAL_TIMEx_ConfigBreakDeadTime            0x08003bf9   Thumb Code   196  stm32h7xx_hal_tim_ex.o(.text.HAL_TIMEx_ConfigBreakDeadTime)
    HAL_TIMEx_MasterConfigSynchronization    0x08003cc1   Thumb Code   222  stm32h7xx_hal_tim_ex.o(.text.HAL_TIMEx_MasterConfigSynchronization)
    HAL_TIM_Base_Init                        0x08003da1   Thumb Code    96  stm32h7xx_hal_tim.o(.text.HAL_TIM_Base_Init)
    HAL_TIM_Base_MspInit                     0x08003e01   Thumb Code     2  stm32h7xx_hal_tim.o(.text.HAL_TIM_Base_MspInit)
    HAL_TIM_Base_Start_IT                    0x08003e09   Thumb Code   220  stm32h7xx_hal_tim.o(.text.HAL_TIM_Base_Start_IT)
    HAL_TIM_IC_CaptureCallback               0x08003ee9   Thumb Code     2  stm32h7xx_hal_tim.o(.text.HAL_TIM_IC_CaptureCallback)
    HAL_TIM_IRQHandler                       0x08003ef1   Thumb Code   364  stm32h7xx_hal_tim.o(.text.HAL_TIM_IRQHandler)
    HAL_TIM_MspPostInit                      0x08004061   Thumb Code   232  tim.o(.text.HAL_TIM_MspPostInit)
    HAL_TIM_OC_DelayElapsedCallback          0x08004149   Thumb Code     2  stm32h7xx_hal_tim.o(.text.HAL_TIM_OC_DelayElapsedCallback)
    HAL_TIM_PWM_ConfigChannel                0x08004151   Thumb Code  1202  stm32h7xx_hal_tim.o(.text.HAL_TIM_PWM_ConfigChannel)
    HAL_TIM_PWM_Init                         0x08004609   Thumb Code    96  stm32h7xx_hal_tim.o(.text.HAL_TIM_PWM_Init)
    HAL_TIM_PWM_MspInit                      0x08004669   Thumb Code   162  tim.o(.text.HAL_TIM_PWM_MspInit)
    HAL_TIM_PWM_PulseFinishedCallback        0x08004711   Thumb Code    82  bsp_pwm.o(.text.HAL_TIM_PWM_PulseFinishedCallback)
    HAL_TIM_PeriodElapsedCallback            0x08004769   Thumb Code    20  main.o(.text.HAL_TIM_PeriodElapsedCallback)
    HAL_TIM_TriggerCallback                  0x08004781   Thumb Code     2  stm32h7xx_hal_tim.o(.text.HAL_TIM_TriggerCallback)
    HAL_UARTEx_DisableFifoMode               0x08004789   Thumb Code    54  stm32h7xx_hal_uart_ex.o(.text.HAL_UARTEx_DisableFifoMode)
    HAL_UARTEx_ReceiveToIdle_DMA             0x080047c1   Thumb Code   152  stm32h7xx_hal_uart_ex.o(.text.HAL_UARTEx_ReceiveToIdle_DMA)
    HAL_UARTEx_RxEventCallback               0x08004859   Thumb Code   396  bsp_usart.o(.text.HAL_UARTEx_RxEventCallback)
    HAL_UARTEx_RxFifoFullCallback            0x080049e9   Thumb Code     2  stm32h7xx_hal_uart_ex.o(.text.HAL_UARTEx_RxFifoFullCallback)
    HAL_UARTEx_SetRxFifoThreshold            0x080049f1   Thumb Code   140  stm32h7xx_hal_uart_ex.o(.text.HAL_UARTEx_SetRxFifoThreshold)
    HAL_UARTEx_SetTxFifoThreshold            0x08004a81   Thumb Code   140  stm32h7xx_hal_uart_ex.o(.text.HAL_UARTEx_SetTxFifoThreshold)
    HAL_UARTEx_TxFifoEmptyCallback           0x08004b11   Thumb Code     2  stm32h7xx_hal_uart_ex.o(.text.HAL_UARTEx_TxFifoEmptyCallback)
    HAL_UARTEx_WakeupCallback                0x08004b19   Thumb Code     2  stm32h7xx_hal_uart_ex.o(.text.HAL_UARTEx_WakeupCallback)
    HAL_UART_DMAStop                         0x08004b21   Thumb Code   692  stm32h7xx_hal_uart.o(.text.HAL_UART_DMAStop)
    HAL_UART_DeInit                          0x08004dd9   Thumb Code    64  stm32h7xx_hal_uart.o(.text.HAL_UART_DeInit)
    HAL_UART_ErrorCallback                   0x08004e19   Thumb Code   464  bsp_usart.o(.text.HAL_UART_ErrorCallback)
    HAL_UART_IRQHandler                      0x08004fe9   Thumb Code  1674  stm32h7xx_hal_uart.o(.text.HAL_UART_IRQHandler)
    HAL_UART_Init                            0x08005679   Thumb Code   100  stm32h7xx_hal_uart.o(.text.HAL_UART_Init)
    HAL_UART_MspDeInit                       0x080056e1   Thumb Code   446  usart.o(.text.HAL_UART_MspDeInit)
    HAL_UART_MspInit                         0x080058a1   Thumb Code  1008  usart.o(.text.HAL_UART_MspInit)
    HAL_UART_RxCpltCallback                  0x08005c91   Thumb Code     2  stm32h7xx_hal_uart.o(.text.HAL_UART_RxCpltCallback)
    HAL_UART_RxHalfCpltCallback              0x08005c99   Thumb Code     2  stm32h7xx_hal_uart.o(.text.HAL_UART_RxHalfCpltCallback)
    HAL_UART_TxCpltCallback                  0x08005ca1   Thumb Code     2  stm32h7xx_hal_uart.o(.text.HAL_UART_TxCpltCallback)
    HardFault_Handler                        0x08005ca9   Thumb Code     2  stm32h7xx_it.o(.text.HardFault_Handler)
    MX_FDCAN1_Init                           0x08005cb1   Thumb Code   120  fdcan.o(.text.MX_FDCAN1_Init)
    MX_FDCAN2_Init                           0x08005d29   Thumb Code   120  fdcan.o(.text.MX_FDCAN2_Init)
    MX_FDCAN3_Init                           0x08005da1   Thumb Code   116  fdcan.o(.text.MX_FDCAN3_Init)
    MX_FREERTOS_Init                         0x08005e19   Thumb Code    36  freertos.o(.text.MX_FREERTOS_Init)
    MX_GPIO_Init                             0x08005e41   Thumb Code   122  gpio.o(.text.MX_GPIO_Init)
    MX_SPI2_Init                             0x08005ec1   Thumb Code    98  spi.o(.text.MX_SPI2_Init)
    MX_SPI6_Init                             0x08005f29   Thumb Code   102  spi.o(.text.MX_SPI6_Init)
    MX_TIM12_Init                            0x08005f91   Thumb Code   138  tim.o(.text.MX_TIM12_Init)
    MX_TIM1_Init                             0x08006021   Thumb Code   226  tim.o(.text.MX_TIM1_Init)
    MX_TIM2_Init                             0x08006109   Thumb Code   150  tim.o(.text.MX_TIM2_Init)
    MX_TIM3_Init                             0x080061a1   Thumb Code   134  tim.o(.text.MX_TIM3_Init)
    MX_UART4_Init                            0x08006229   Thumb Code   128  usart.o(.text.MX_UART4_Init)
    MX_UART5_Init                            0x080062a9   Thumb Code   124  usart.o(.text.MX_UART5_Init)
    MX_UART7_Init                            0x08006329   Thumb Code   124  usart.o(.text.MX_UART7_Init)
    MX_USART10_UART_Init                     0x080063a9   Thumb Code   124  usart.o(.text.MX_USART10_UART_Init)
    MX_USART1_UART_Init                      0x08006429   Thumb Code   124  usart.o(.text.MX_USART1_UART_Init)
    MX_USART2_UART_Init                      0x080064a9   Thumb Code   128  usart.o(.text.MX_USART2_UART_Init)
    MX_USART3_UART_Init                      0x08006529   Thumb Code   124  usart.o(.text.MX_USART3_UART_Init)
    MemManage_Handler                        0x080065a9   Thumb Code     2  stm32h7xx_it.o(.text.MemManage_Handler)
    NMI_Handler                              0x080065b1   Thumb Code     2  stm32h7xx_it.o(.text.NMI_Handler)
    PendSV_Handler                           0x080065c1   Thumb Code   100  port.o(.text.PendSV_Handler)
    SVC_Handler                              0x08006881   Thumb Code    36  port.o(.text.SVC_Handler)
    StartDefaultTask                         0x080068a9   Thumb Code     8  freertos.o(.text.StartDefaultTask)
    SysTick_Handler                          0x080068b1   Thumb Code    30  cmsis_os2.o(.text.SysTick_Handler)
    SystemClock_Config                       0x080068d1   Thumb Code   200  main.o(.text.SystemClock_Config)
    SystemInit                               0x08006999   Thumb Code   210  system_stm32h7xx.o(.text.SystemInit)
    TIM7_IRQHandler                          0x08006a71   Thumb Code    12  stm32h7xx_it.o(.text.TIM7_IRQHandler)
    TIM_Base_SetConfig                       0x08006a81   Thumb Code   376  stm32h7xx_hal_tim.o(.text.TIM_Base_SetConfig)
    UART4_IRQHandler                         0x08006bf9   Thumb Code    12  stm32h7xx_it.o(.text.UART4_IRQHandler)
    UART7_IRQHandler                         0x08006c09   Thumb Code    12  stm32h7xx_it.o(.text.UART7_IRQHandler)
    UART_AdvFeatureConfig                    0x08006c19   Thumb Code   224  stm32h7xx_hal_uart.o(.text.UART_AdvFeatureConfig)
    UART_CheckIdleState                      0x08006cf9   Thumb Code   366  stm32h7xx_hal_uart.o(.text.UART_CheckIdleState)
    UART_SetConfig                           0x08007209   Thumb Code  1176  stm32h7xx_hal_uart.o(.text.UART_SetConfig)
    UART_Start_Receive_DMA                   0x080076a9   Thumb Code   340  stm32h7xx_hal_uart.o(.text.UART_Start_Receive_DMA)
    UART_WaitOnFlagUntilTimeout              0x08007801   Thumb Code   856  stm32h7xx_hal_uart.o(.text.UART_WaitOnFlagUntilTimeout)
    USART10_IRQHandler                       0x08007b59   Thumb Code    12  stm32h7xx_it.o(.text.USART10_IRQHandler)
    USART1_IRQHandler                        0x08007b69   Thumb Code    12  stm32h7xx_it.o(.text.USART1_IRQHandler)
    USART2_IRQHandler                        0x08007b79   Thumb Code    12  stm32h7xx_it.o(.text.USART2_IRQHandler)
    USART3_IRQHandler                        0x08007b89   Thumb Code    12  stm32h7xx_it.o(.text.USART3_IRQHandler)
    UsageFault_Handler                       0x08007b99   Thumb Code     2  stm32h7xx_it.o(.text.UsageFault_Handler)
    main                                     0x08007ba1   Thumb Code   130  main.o(.text.main)
    osDelay                                  0x08007c29   Thumb Code    32  cmsis_os2.o(.text.osDelay)
    osKernelInitialize                       0x08007c49   Thumb Code    42  cmsis_os2.o(.text.osKernelInitialize)
    osKernelStart                            0x08007c79   Thumb Code    62  cmsis_os2.o(.text.osKernelStart)
    osThreadNew                              0x08007cb9   Thumb Code   148  cmsis_os2.o(.text.osThreadNew)
    pvPortMalloc                             0x080085d9   Thumb Code   488  heap_4.o(.text.pvPortMalloc)
    pxPortInitialiseStack                    0x080087c1   Thumb Code    44  port.o(.text.pxPortInitialiseStack)
    uxListRemove                             0x080087f1   Thumb Code    34  list.o(.text.uxListRemove)
    vApplicationGetIdleTaskMemory            0x08008819   Thumb Code    26  cmsis_os2.o(.text.vApplicationGetIdleTaskMemory)
    vApplicationGetTimerTaskMemory           0x08008839   Thumb Code    28  cmsis_os2.o(.text.vApplicationGetTimerTaskMemory)
    vListInitialise                          0x08008859   Thumb Code    22  list.o(.text.vListInitialise)
    vListInitialiseItem                      0x08008871   Thumb Code     6  list.o(.text.vListInitialiseItem)
    vListInsert                              0x08008879   Thumb Code    98  list.o(.text.vListInsert)
    vListInsertEnd                           0x080088e1   Thumb Code    26  list.o(.text.vListInsertEnd)
    vPortEnterCritical                       0x08008919   Thumb Code    74  port.o(.text.vPortEnterCritical)
    vPortExitCritical                        0x08008969   Thumb Code    46  port.o(.text.vPortExitCritical)
    vPortFree                                0x08008999   Thumb Code   222  heap_4.o(.text.vPortFree)
    vPortSetupTimerInterrupt                 0x08008a79   Thumb Code    52  port.o(.text.vPortSetupTimerInterrupt)
    vQueueAddToRegistry                      0x08008ab1   Thumb Code    88  queue.o(.text.vQueueAddToRegistry)
    vQueueWaitForMessageRestricted           0x08008b09   Thumb Code   100  queue.o(.text.vQueueWaitForMessageRestricted)
    vTaskDelay                               0x08008b71   Thumb Code   128  tasks.o(.text.vTaskDelay)
    vTaskInternalSetTimeOutState             0x08008bf1   Thumb Code    18  tasks.o(.text.vTaskInternalSetTimeOutState)
    vTaskMissedYield                         0x08008c09   Thumb Code    14  tasks.o(.text.vTaskMissedYield)
    vTaskPlaceOnEventList                    0x08008c19   Thumb Code   116  tasks.o(.text.vTaskPlaceOnEventList)
    vTaskPlaceOnEventListRestricted          0x08008c91   Thumb Code   122  tasks.o(.text.vTaskPlaceOnEventListRestricted)
    vTaskStartScheduler                      0x08008d11   Thumb Code   232  tasks.o(.text.vTaskStartScheduler)
    vTaskSuspendAll                          0x08008e01   Thumb Code    16  tasks.o(.text.vTaskSuspendAll)
    vTaskSwitchContext                       0x08008e11   Thumb Code   200  tasks.o(.text.vTaskSwitchContext)
    xPortStartScheduler                      0x08008ed9   Thumb Code   394  port.o(.text.xPortStartScheduler)
    xPortSysTickHandler                      0x08009069   Thumb Code    46  port.o(.text.xPortSysTickHandler)
    xQueueGenericCreateStatic                0x08009099   Thumb Code   218  queue.o(.text.xQueueGenericCreateStatic)
    xQueueGenericSend                        0x08009179   Thumb Code   704  queue.o(.text.xQueueGenericSend)
    xQueueReceive                            0x08009439   Thumb Code   574  queue.o(.text.xQueueReceive)
    xTaskCheckForTimeOut                     0x08009679   Thumb Code   154  tasks.o(.text.xTaskCheckForTimeOut)
    xTaskCreate                              0x08009719   Thumb Code    96  tasks.o(.text.xTaskCreate)
    xTaskCreateStatic                        0x08009779   Thumb Code   122  tasks.o(.text.xTaskCreateStatic)
    xTaskGetSchedulerState                   0x080097f9   Thumb Code    28  tasks.o(.text.xTaskGetSchedulerState)
    xTaskGetTickCount                        0x08009819   Thumb Code    12  tasks.o(.text.xTaskGetTickCount)
    xTaskIncrementTick                       0x08009829   Thumb Code   260  tasks.o(.text.xTaskIncrementTick)
    xTaskPriorityDisinherit                  0x08009931   Thumb Code   142  tasks.o(.text.xTaskPriorityDisinherit)
    xTaskRemoveFromEventList                 0x080099c1   Thumb Code   116  tasks.o(.text.xTaskRemoveFromEventList)
    xTaskResumeAll                           0x08009a39   Thumb Code   238  tasks.o(.text.xTaskResumeAll)
    xTimerCreateTimerTask                    0x08009b29   Thumb Code   172  timers.o(.text.xTimerCreateTimerTask)
    _fp_init                                 0x08009bdd   Thumb Code    26  fpinit.o(x$fpl$fpinit)
    __fplib_config_fpu_vfp                   0x08009bf5   Thumb Code     0  fpinit.o(x$fpl$fpinit)
    __fplib_config_pureend_doubles           0x08009bf5   Thumb Code     0  fpinit.o(x$fpl$fpinit)
    D1CorePrescTable                         0x08009c50   Data          16  system_stm32h7xx.o(.rodata.D1CorePrescTable)
    UARTPrescTable                           0x08009c60   Data          24  stm32h7xx_hal_uart.o(.rodata.UARTPrescTable)
    defaultTask_attributes                   0x08009c88   Data          36  freertos.o(.rodata.defaultTask_attributes)
    Region$$Table$$Base                      0x08009cc0   Number         0  anon$$obj.o(Region$$Table)
    Region$$Table$$Limit                     0x08009ce0   Number         0  anon$$obj.o(Region$$Table)
    uwTickFreq                               0x24000000   Data           1  stm32h7xx_hal.o(.data..L_MergedGlobals)
    uwTickPrio                               0x24000004   Data           4  stm32h7xx_hal.o(.data..L_MergedGlobals)
    SystemCoreClock                          0x24000008   Data           4  system_stm32h7xx.o(.data..L_MergedGlobals)
    SystemD2Clock                            0x2400000c   Data           4  system_stm32h7xx.o(.data..L_MergedGlobals)
    __libspace_start                         0x24000018   Data          96  libspace.o(.bss)
    __temporary_stack_top$libspace           0x24000078   Data           0  libspace.o(.bss)
    pxCurrentTCB                             0x24000078   Data           4  tasks.o(.bss..L_MergedGlobals)
    defaultTaskHandle                        0x240001e8   Data           4  freertos.o(.bss.defaultTaskHandle)
    hfdcan1                                  0x240001ec   Data         160  fdcan.o(.bss.hfdcan1)
    hfdcan2                                  0x2400028c   Data         160  fdcan.o(.bss.hfdcan2)
    hfdcan3                                  0x2400032c   Data         160  fdcan.o(.bss.hfdcan3)
    hspi2                                    0x240003cc   Data         136  spi.o(.bss.hspi2)
    hspi6                                    0x24000454   Data         136  spi.o(.bss.hspi6)
    htim1                                    0x240004dc   Data          76  tim.o(.bss.htim1)
    htim12                                   0x24000528   Data          76  tim.o(.bss.htim12)
    htim2                                    0x24000574   Data          76  tim.o(.bss.htim2)
    htim3                                    0x240005c0   Data          76  tim.o(.bss.htim3)
    htim7                                    0x2400060c   Data          76  stm32h7xx_hal_timebase_tim.o(.bss.htim7)
    huart1                                   0x24000658   Data         148  usart.o(.bss.huart1)
    huart10                                  0x240006ec   Data         148  usart.o(.bss.huart10)
    huart2                                   0x24000780   Data         148  usart.o(.bss.huart2)
    huart3                                   0x24000814   Data         148  usart.o(.bss.huart3)
    huart4                                   0x240008a8   Data         148  usart.o(.bss.huart4)
    huart5                                   0x2400093c   Data         148  usart.o(.bss.huart5)
    huart7                                   0x240009d0   Data         148  usart.o(.bss.huart7)
    uwTick                                   0x24004bb4   Data           4  stm32h7xx_hal.o(.bss.uwTick)
    xQueueRegistry                           0x24005270   Data          64  queue.o(.bss.xQueueRegistry)



==============================================================================

Memory Map of the image

  Image Entry point : 0x080002cd

  Load Region LR_IROM1 (Base: 0x08000000, Size: 0x00009cf8, Max: 0x00100000, ABSOLUTE)

    Execution Region ER_IROM1 (Exec base: 0x08000000, Load base: 0x08000000, Size: 0x00009ce0, Max: 0x00100000, ABSOLUTE)

    Exec Addr    Load Addr    Size         Type   Attr      Idx    E Section Name        Object

    0x08000000   0x08000000   0x000002cc   Data   RO            3    RESET               startup_stm32h723xx.o
    0x080002cc   0x080002cc   0x00000008   Code   RO         2860  * !!!main             c_w.l(__main.o)
    0x080002d4   0x080002d4   0x0000005c   Code   RO         3093    !!!scatter          c_w.l(__scatter.o)
    0x08000330   0x08000330   0x0000001a   Code   RO         3097    !!handler_copy      c_w.l(__scatter_copy.o)
    0x0800034a   0x0800034a   0x00000002   PAD
    0x0800034c   0x0800034c   0x00000002   Code   RO         3094    !!handler_null      c_w.l(__scatter.o)
    0x0800034e   0x0800034e   0x00000002   PAD
    0x08000350   0x08000350   0x0000001c   Code   RO         3099    !!handler_zi        c_w.l(__scatter_zi.o)
    0x0800036c   0x0800036c   0x00000002   Code   RO         3028    .ARM.Collect$$libinit$$00000000  c_w.l(libinit.o)
    0x0800036e   0x0800036e   0x00000004   Code   RO         2910    .ARM.Collect$$libinit$$00000001  c_w.l(libinit2.o)
    0x08000372   0x08000372   0x00000000   Code   RO         2913    .ARM.Collect$$libinit$$00000004  c_w.l(libinit2.o)
    0x08000372   0x08000372   0x00000000   Code   RO         2915    .ARM.Collect$$libinit$$00000006  c_w.l(libinit2.o)
    0x08000372   0x08000372   0x00000000   Code   RO         2918    .ARM.Collect$$libinit$$0000000C  c_w.l(libinit2.o)
    0x08000372   0x08000372   0x00000000   Code   RO         2920    .ARM.Collect$$libinit$$0000000E  c_w.l(libinit2.o)
    0x08000372   0x08000372   0x00000000   Code   RO         2922    .ARM.Collect$$libinit$$00000010  c_w.l(libinit2.o)
    0x08000372   0x08000372   0x00000000   Code   RO         2925    .ARM.Collect$$libinit$$00000013  c_w.l(libinit2.o)
    0x08000372   0x08000372   0x00000000   Code   RO         2927    .ARM.Collect$$libinit$$00000015  c_w.l(libinit2.o)
    0x08000372   0x08000372   0x00000000   Code   RO         2929    .ARM.Collect$$libinit$$00000017  c_w.l(libinit2.o)
    0x08000372   0x08000372   0x00000000   Code   RO         2931    .ARM.Collect$$libinit$$00000019  c_w.l(libinit2.o)
    0x08000372   0x08000372   0x00000000   Code   RO         2933    .ARM.Collect$$libinit$$0000001B  c_w.l(libinit2.o)
    0x08000372   0x08000372   0x00000000   Code   RO         2935    .ARM.Collect$$libinit$$0000001D  c_w.l(libinit2.o)
    0x08000372   0x08000372   0x00000000   Code   RO         2937    .ARM.Collect$$libinit$$0000001F  c_w.l(libinit2.o)
    0x08000372   0x08000372   0x00000000   Code   RO         2939    .ARM.Collect$$libinit$$00000021  c_w.l(libinit2.o)
    0x08000372   0x08000372   0x00000000   Code   RO         2941    .ARM.Collect$$libinit$$00000023  c_w.l(libinit2.o)
    0x08000372   0x08000372   0x00000000   Code   RO         2943    .ARM.Collect$$libinit$$00000025  c_w.l(libinit2.o)
    0x08000372   0x08000372   0x00000000   Code   RO         2945    .ARM.Collect$$libinit$$00000027  c_w.l(libinit2.o)
    0x08000372   0x08000372   0x00000000   Code   RO         2949    .ARM.Collect$$libinit$$0000002E  c_w.l(libinit2.o)
    0x08000372   0x08000372   0x00000000   Code   RO         2951    .ARM.Collect$$libinit$$00000030  c_w.l(libinit2.o)
    0x08000372   0x08000372   0x00000000   Code   RO         2953    .ARM.Collect$$libinit$$00000032  c_w.l(libinit2.o)
    0x08000372   0x08000372   0x00000000   Code   RO         2955    .ARM.Collect$$libinit$$00000034  c_w.l(libinit2.o)
    0x08000372   0x08000372   0x00000002   Code   RO         2956    .ARM.Collect$$libinit$$00000035  c_w.l(libinit2.o)
    0x08000374   0x08000374   0x00000002   Code   RO         3090    .ARM.Collect$$libshutdown$$00000000  c_w.l(libshutdown.o)
    0x08000376   0x08000376   0x00000000   Code   RO         3046    .ARM.Collect$$libshutdown$$00000002  c_w.l(libshutdown2.o)
    0x08000376   0x08000376   0x00000000   Code   RO         3048    .ARM.Collect$$libshutdown$$00000004  c_w.l(libshutdown2.o)
    0x08000376   0x08000376   0x00000000   Code   RO         3051    .ARM.Collect$$libshutdown$$00000007  c_w.l(libshutdown2.o)
    0x08000376   0x08000376   0x00000000   Code   RO         3054    .ARM.Collect$$libshutdown$$0000000A  c_w.l(libshutdown2.o)
    0x08000376   0x08000376   0x00000000   Code   RO         3056    .ARM.Collect$$libshutdown$$0000000C  c_w.l(libshutdown2.o)
    0x08000376   0x08000376   0x00000000   Code   RO         3059    .ARM.Collect$$libshutdown$$0000000F  c_w.l(libshutdown2.o)
    0x08000376   0x08000376   0x00000002   Code   RO         3060    .ARM.Collect$$libshutdown$$00000010  c_w.l(libshutdown2.o)
    0x08000378   0x08000378   0x00000000   Code   RO         2864    .ARM.Collect$$rtentry$$00000000  c_w.l(__rtentry.o)
    0x08000378   0x08000378   0x00000000   Code   RO         2965    .ARM.Collect$$rtentry$$00000002  c_w.l(__rtentry2.o)
    0x08000378   0x08000378   0x00000006   Code   RO         2977    .ARM.Collect$$rtentry$$00000004  c_w.l(__rtentry4.o)
    0x0800037e   0x0800037e   0x00000000   Code   RO         2967    .ARM.Collect$$rtentry$$00000009  c_w.l(__rtentry2.o)
    0x0800037e   0x0800037e   0x00000004   Code   RO         2968    .ARM.Collect$$rtentry$$0000000A  c_w.l(__rtentry2.o)
    0x08000382   0x08000382   0x00000000   Code   RO         2970    .ARM.Collect$$rtentry$$0000000C  c_w.l(__rtentry2.o)
    0x08000382   0x08000382   0x00000008   Code   RO         2971    .ARM.Collect$$rtentry$$0000000D  c_w.l(__rtentry2.o)
    0x0800038a   0x0800038a   0x00000002   Code   RO         3033    .ARM.Collect$$rtexit$$00000000  c_w.l(rtexit.o)
    0x0800038c   0x0800038c   0x00000000   Code   RO         3066    .ARM.Collect$$rtexit$$00000002  c_w.l(rtexit2.o)
    0x0800038c   0x0800038c   0x00000004   Code   RO         3067    .ARM.Collect$$rtexit$$00000003  c_w.l(rtexit2.o)
    0x08000390   0x08000390   0x00000006   Code   RO         3068    .ARM.Collect$$rtexit$$00000004  c_w.l(rtexit2.o)
    0x08000396   0x08000396   0x00000002   PAD
    0x08000398   0x08000398   0x00000048   Code   RO            4    .text               startup_stm32h723xx.o
    0x080003e0   0x080003e0   0x000000f0   Code   RO         2836    .text               c_w.l(lludivv7m.o)
    0x080004d0   0x080004d0   0x0000008a   Code   RO         2844    .text               c_w.l(rt_memcpy_v6.o)
    0x0800055a   0x0800055a   0x00000064   Code   RO         2846    .text               c_w.l(rt_memcpy_w.o)
    0x080005be   0x080005be   0x00000010   Code   RO         2850    .text               c_w.l(aeabi_memset4.o)
    0x080005ce   0x080005ce   0x00000044   Code   RO         2852    .text               c_w.l(rt_memclr.o)
    0x08000612   0x08000612   0x0000004e   Code   RO         2854    .text               c_w.l(rt_memclr_w.o)
    0x08000660   0x08000660   0x00000006   Code   RO         2858    .text               c_w.l(heapauxi.o)
    0x08000666   0x08000666   0x00000002   PAD
    0x08000668   0x08000668   0x00000008   Code   RO         2961    .text               c_w.l(libspace.o)
    0x08000670   0x08000670   0x00000002   Code   RO         3000    .text               c_w.l(use_no_semi.o)
    0x08000672   0x08000672   0x00000000   Code   RO         3002    .text               c_w.l(indicate_semi.o)
    0x08000672   0x08000672   0x0000004a   Code   RO         3003    .text               c_w.l(sys_stackheap_outer.o)
    0x080006bc   0x080006bc   0x00000012   Code   RO         3009    .text               c_w.l(exit.o)
    0x080006ce   0x080006ce   0x00000002   PAD
    0x080006d0   0x080006d0   0x0000000c   Code   RO         3029    .text               c_w.l(sys_exit.o)
    0x080006dc   0x080006dc   0x00000004   PAD
    0x080006e0   0x080006e0   0x00000002   Code   RO          155    .text.BusFault_Handler  stm32h7xx_it.o
    0x080006e2   0x080006e2   0x00000006   PAD
    0x080006e8   0x080006e8   0x00000308   Code   RO         1018    .text.DMA_SetConfig  stm32h7xx_hal_dma.o
    0x080009f0   0x080009f0   0x00000002   Code   RO          159    .text.DebugMon_Handler  stm32h7xx_it.o
    0x080009f2   0x080009f2   0x00000006   PAD
    0x080009f8   0x080009f8   0x0000000a   Code   RO           15    .text.Error_Handler  main.o
    0x08000a02   0x08000a02   0x00000006   PAD
    0x08000a08   0x08000a08   0x0000002c   Code   RO         1868    .text.ExitRun0Mode  system_stm32h7xx.o
    0x08000a34   0x08000a34   0x00000004   PAD
    0x08000a38   0x08000a38   0x00000526   Code   RO         1022    .text.HAL_DMA_Abort  stm32h7xx_hal_dma.o
    0x08000f5e   0x08000f5e   0x00000002   PAD
    0x08000f60   0x08000f60   0x000002b6   Code   RO         1024    .text.HAL_DMA_Abort_IT  stm32h7xx_hal_dma.o
    0x08001216   0x08001216   0x00000002   PAD
    0x08001218   0x08001218   0x00000004   Code   RO         1036    .text.HAL_DMA_GetError  stm32h7xx_hal_dma.o
    0x0800121c   0x0800121c   0x00000004   PAD
    0x08001220   0x08001220   0x000003aa   Code   RO         1020    .text.HAL_DMA_Start_IT  stm32h7xx_hal_dma.o
    0x080015ca   0x080015ca   0x00000006   PAD
    0x080015d0   0x080015d0   0x000003fc   Code   RO          589    .text.HAL_FDCAN_Init  stm32h7xx_hal_fdcan.o
    0x080019cc   0x080019cc   0x00000004   PAD
    0x080019d0   0x080019d0   0x0000019e   Code   RO           56    .text.HAL_FDCAN_MspInit  fdcan.o
    0x08001b6e   0x08001b6e   0x00000002   PAD
    0x08001b70   0x08001b70   0x0000011c   Code   RO          958    .text.HAL_GPIO_DeInit  stm32h7xx_hal_gpio.o
    0x08001c8c   0x08001c8c   0x00000004   PAD
    0x08001c90   0x08001c90   0x000001a6   Code   RO          956    .text.HAL_GPIO_Init  stm32h7xx_hal_gpio.o
    0x08001e36   0x08001e36   0x00000002   PAD
    0x08001e38   0x08001e38   0x0000000c   Code   RO         1256    .text.HAL_GetTick   stm32h7xx_hal.o
    0x08001e44   0x08001e44   0x00000004   PAD
    0x08001e48   0x08001e48   0x0000001a   Code   RO         1254    .text.HAL_IncTick   stm32h7xx_hal.o
    0x08001e62   0x08001e62   0x00000006   PAD
    0x08001e68   0x08001e68   0x00000064   Code   RO         1244    .text.HAL_Init      stm32h7xx_hal.o
    0x08001ecc   0x08001ecc   0x00000004   PAD
    0x08001ed0   0x08001ed0   0x000000a8   Code   RO          191    .text.HAL_InitTick  stm32h7xx_hal_timebase_tim.o
    0x08001f78   0x08001f78   0x0000005e   Code   RO          559    .text.HAL_MPU_ConfigRegion  stm32h7xx_hal_cortex.o
    0x08001fd6   0x08001fd6   0x00000002   PAD
    0x08001fd8   0x08001fd8   0x0000001a   Code   RO          551    .text.HAL_MPU_Disable  stm32h7xx_hal_cortex.o
    0x08001ff2   0x08001ff2   0x00000006   PAD
    0x08001ff8   0x08001ff8   0x00000020   Code   RO          553    .text.HAL_MPU_Enable  stm32h7xx_hal_cortex.o
    0x08002018   0x08002018   0x0000002a   Code   RO          182    .text.HAL_MspInit   stm32h7xx_hal_msp.o
    0x08002042   0x08002042   0x00000006   PAD
    0x08002048   0x08002048   0x0000002a   Code   RO          543    .text.HAL_NVIC_DisableIRQ  stm32h7xx_hal_cortex.o
    0x08002072   0x08002072   0x00000006   PAD
    0x08002078   0x08002078   0x00000022   Code   RO          541    .text.HAL_NVIC_EnableIRQ  stm32h7xx_hal_cortex.o
    0x0800209a   0x0800209a   0x00000006   PAD
    0x080020a0   0x080020a0   0x0000005a   Code   RO          539    .text.HAL_NVIC_SetPriority  stm32h7xx_hal_cortex.o
    0x080020fa   0x080020fa   0x00000006   PAD
    0x08002100   0x08002100   0x00000020   Code   RO          537    .text.HAL_NVIC_SetPriorityGrouping  stm32h7xx_hal_cortex.o
    0x08002120   0x08002120   0x0000004c   Code   RO         1160    .text.HAL_PWREx_ConfigSupply  stm32h7xx_hal_pwr_ex.o
    0x0800216c   0x0800216c   0x00000004   PAD
    0x08002170   0x08002170   0x00000026   Code   RO          847    .text.HAL_RCCEx_GetD3PCLK1Freq  stm32h7xx_hal_rcc_ex.o
    0x08002196   0x08002196   0x00000002   PAD
    0x08002198   0x08002198   0x00000128   Code   RO          843    .text.HAL_RCCEx_GetPLL2ClockFreq  stm32h7xx_hal_rcc_ex.o
    0x080022c0   0x080022c0   0x00000128   Code   RO          845    .text.HAL_RCCEx_GetPLL3ClockFreq  stm32h7xx_hal_rcc_ex.o
    0x080023e8   0x080023e8   0x00000a80   Code   RO          831    .text.HAL_RCCEx_PeriphCLKConfig  stm32h7xx_hal_rcc_ex.o
    0x08002e68   0x08002e68   0x00000254   Code   RO          799    .text.HAL_RCC_ClockConfig  stm32h7xx_hal_rcc.o
    0x080030bc   0x080030bc   0x00000004   PAD
    0x080030c0   0x080030c0   0x00000058   Code   RO          817    .text.HAL_RCC_GetClockConfig  stm32h7xx_hal_rcc.o
    0x08003118   0x08003118   0x0000004c   Code   RO          809    .text.HAL_RCC_GetHCLKFreq  stm32h7xx_hal_rcc.o
    0x08003164   0x08003164   0x00000004   PAD
    0x08003168   0x08003168   0x00000060   Code   RO          811    .text.HAL_RCC_GetPCLK1Freq  stm32h7xx_hal_rcc.o
    0x080031c8   0x080031c8   0x00000060   Code   RO          813    .text.HAL_RCC_GetPCLK2Freq  stm32h7xx_hal_rcc.o
    0x08003228   0x08003228   0x0000011c   Code   RO          801    .text.HAL_RCC_GetSysClockFreq  stm32h7xx_hal_rcc.o
    0x08003344   0x08003344   0x00000004   PAD
    0x08003348   0x08003348   0x0000052c   Code   RO          797    .text.HAL_RCC_OscConfig  stm32h7xx_hal_rcc.o
    0x08003874   0x08003874   0x00000004   PAD
    0x08003878   0x08003878   0x00000084   Code   RO         1823    .text.HAL_RS485Ex_Init  stm32h7xx_hal_uart_ex.o
    0x080038fc   0x080038fc   0x00000004   PAD
    0x08003900   0x08003900   0x000001bc   Code   RO         1562    .text.HAL_SPI_Init  stm32h7xx_hal_spi.o
    0x08003abc   0x08003abc   0x00000004   PAD
    0x08003ac0   0x08003ac0   0x0000011e   Code   RO           76    .text.HAL_SPI_MspInit  spi.o
    0x08003bde   0x08003bde   0x00000002   PAD
    0x08003be0   0x08003be0   0x00000002   Code   RO          523    .text.HAL_TIMEx_Break2Callback  stm32h7xx_hal_tim_ex.o
    0x08003be2   0x08003be2   0x00000006   PAD
    0x08003be8   0x08003be8   0x00000002   Code   RO          521    .text.HAL_TIMEx_BreakCallback  stm32h7xx_hal_tim_ex.o
    0x08003bea   0x08003bea   0x00000006   PAD
    0x08003bf0   0x08003bf0   0x00000002   Code   RO          517    .text.HAL_TIMEx_CommutCallback  stm32h7xx_hal_tim_ex.o
    0x08003bf2   0x08003bf2   0x00000006   PAD
    0x08003bf8   0x08003bf8   0x000000c4   Code   RO          503    .text.HAL_TIMEx_ConfigBreakDeadTime  stm32h7xx_hal_tim_ex.o
    0x08003cbc   0x08003cbc   0x00000004   PAD
    0x08003cc0   0x08003cc0   0x000000de   Code   RO          501    .text.HAL_TIMEx_MasterConfigSynchronization  stm32h7xx_hal_tim_ex.o
    0x08003d9e   0x08003d9e   0x00000002   PAD
    0x08003da0   0x08003da0   0x00000060   Code   RO          206    .text.HAL_TIM_Base_Init  stm32h7xx_hal_tim.o
    0x08003e00   0x08003e00   0x00000002   Code   RO          208    .text.HAL_TIM_Base_MspInit  stm32h7xx_hal_tim.o
    0x08003e02   0x08003e02   0x00000006   PAD
    0x08003e08   0x08003e08   0x000000dc   Code   RO          220    .text.HAL_TIM_Base_Start_IT  stm32h7xx_hal_tim.o
    0x08003ee4   0x08003ee4   0x00000004   PAD
    0x08003ee8   0x08003ee8   0x00000002   Code   RO          342    .text.HAL_TIM_IC_CaptureCallback  stm32h7xx_hal_tim.o
    0x08003eea   0x08003eea   0x00000006   PAD
    0x08003ef0   0x08003ef0   0x0000016c   Code   RO          340    .text.HAL_TIM_IRQHandler  stm32h7xx_hal_tim.o
    0x0800405c   0x0800405c   0x00000004   PAD
    0x08004060   0x08004060   0x000000e8   Code   RO           92    .text.HAL_TIM_MspPostInit  tim.o
    0x08004148   0x08004148   0x00000002   Code   RO          344    .text.HAL_TIM_OC_DelayElapsedCallback  stm32h7xx_hal_tim.o
    0x0800414a   0x0800414a   0x00000006   PAD
    0x08004150   0x08004150   0x000004b2   Code   RO          360    .text.HAL_TIM_PWM_ConfigChannel  stm32h7xx_hal_tim.o
    0x08004602   0x08004602   0x00000006   PAD
    0x08004608   0x08004608   0x00000060   Code   RO          260    .text.HAL_TIM_PWM_Init  stm32h7xx_hal_tim.o
    0x08004668   0x08004668   0x000000a2   Code   RO          100    .text.HAL_TIM_PWM_MspInit  tim.o
    0x0800470a   0x0800470a   0x00000006   PAD
    0x08004710   0x08004710   0x00000052   Code   RO         2471    .text.HAL_TIM_PWM_PulseFinishedCallback  bsp_pwm.o
    0x08004762   0x08004762   0x00000006   PAD
    0x08004768   0x08004768   0x00000014   Code   RO           17    .text.HAL_TIM_PeriodElapsedCallback  main.o
    0x0800477c   0x0800477c   0x00000004   PAD
    0x08004780   0x08004780   0x00000002   Code   RO          350    .text.HAL_TIM_TriggerCallback  stm32h7xx_hal_tim.o
    0x08004782   0x08004782   0x00000006   PAD
    0x08004788   0x08004788   0x00000036   Code   RO         1841    .text.HAL_UARTEx_DisableFifoMode  stm32h7xx_hal_uart_ex.o
    0x080047be   0x080047be   0x00000002   PAD
    0x080047c0   0x080047c0   0x00000098   Code   RO         1851    .text.HAL_UARTEx_ReceiveToIdle_DMA  stm32h7xx_hal_uart_ex.o
    0x08004858   0x08004858   0x0000018c   Code   RO         2531    .text.HAL_UARTEx_RxEventCallback  bsp_usart.o
    0x080049e4   0x080049e4   0x00000004   PAD
    0x080049e8   0x080049e8   0x00000002   Code   RO         1827    .text.HAL_UARTEx_RxFifoFullCallback  stm32h7xx_hal_uart_ex.o
    0x080049ea   0x080049ea   0x00000006   PAD
    0x080049f0   0x080049f0   0x0000008c   Code   RO         1845    .text.HAL_UARTEx_SetRxFifoThreshold  stm32h7xx_hal_uart_ex.o
    0x08004a7c   0x08004a7c   0x00000004   PAD
    0x08004a80   0x08004a80   0x0000008c   Code   RO         1843    .text.HAL_UARTEx_SetTxFifoThreshold  stm32h7xx_hal_uart_ex.o
    0x08004b0c   0x08004b0c   0x00000004   PAD
    0x08004b10   0x08004b10   0x00000002   Code   RO         1829    .text.HAL_UARTEx_TxFifoEmptyCallback  stm32h7xx_hal_uart_ex.o
    0x08004b12   0x08004b12   0x00000006   PAD
    0x08004b18   0x08004b18   0x00000002   Code   RO         1825    .text.HAL_UARTEx_WakeupCallback  stm32h7xx_hal_uart_ex.o
    0x08004b1a   0x08004b1a   0x00000006   PAD
    0x08004b20   0x08004b20   0x000002b4   Code   RO         1734    .text.HAL_UART_DMAStop  stm32h7xx_hal_uart.o
    0x08004dd4   0x08004dd4   0x00000004   PAD
    0x08004dd8   0x08004dd8   0x00000040   Code   RO         1694    .text.HAL_UART_DeInit  stm32h7xx_hal_uart.o
    0x08004e18   0x08004e18   0x000001d0   Code   RO         2533    .text.HAL_UART_ErrorCallback  bsp_usart.o
    0x08004fe8   0x08004fe8   0x0000068a   Code   RO         1762    .text.HAL_UART_IRQHandler  stm32h7xx_hal_uart.o
    0x08005672   0x08005672   0x00000006   PAD
    0x08005678   0x08005678   0x00000064   Code   RO         1678    .text.HAL_UART_Init  stm32h7xx_hal_uart.o
    0x080056dc   0x080056dc   0x00000004   PAD
    0x080056e0   0x080056e0   0x000001be   Code   RO          132    .text.HAL_UART_MspDeInit  usart.o
    0x0800589e   0x0800589e   0x00000002   PAD
    0x080058a0   0x080058a0   0x000003f0   Code   RO          130    .text.HAL_UART_MspInit  usart.o
    0x08005c90   0x08005c90   0x00000002   Code   RO         1774    .text.HAL_UART_RxCpltCallback  stm32h7xx_hal_uart.o
    0x08005c92   0x08005c92   0x00000006   PAD
    0x08005c98   0x08005c98   0x00000002   Code   RO         1776    .text.HAL_UART_RxHalfCpltCallback  stm32h7xx_hal_uart.o
    0x08005c9a   0x08005c9a   0x00000006   PAD
    0x08005ca0   0x08005ca0   0x00000002   Code   RO         1770    .text.HAL_UART_TxCpltCallback  stm32h7xx_hal_uart.o
    0x08005ca2   0x08005ca2   0x00000006   PAD
    0x08005ca8   0x08005ca8   0x00000002   Code   RO          151    .text.HardFault_Handler  stm32h7xx_it.o
    0x08005caa   0x08005caa   0x00000006   PAD
    0x08005cb0   0x08005cb0   0x00000078   Code   RO           50    .text.MX_FDCAN1_Init  fdcan.o
    0x08005d28   0x08005d28   0x00000078   Code   RO           52    .text.MX_FDCAN2_Init  fdcan.o
    0x08005da0   0x08005da0   0x00000074   Code   RO           54    .text.MX_FDCAN3_Init  fdcan.o
    0x08005e14   0x08005e14   0x00000004   PAD
    0x08005e18   0x08005e18   0x00000024   Code   RO           36    .text.MX_FREERTOS_Init  freertos.o
    0x08005e3c   0x08005e3c   0x00000004   PAD
    0x08005e40   0x08005e40   0x0000007a   Code   RO           28    .text.MX_GPIO_Init  gpio.o
    0x08005eba   0x08005eba   0x00000006   PAD
    0x08005ec0   0x08005ec0   0x00000062   Code   RO           72    .text.MX_SPI2_Init  spi.o
    0x08005f22   0x08005f22   0x00000006   PAD
    0x08005f28   0x08005f28   0x00000066   Code   RO           74    .text.MX_SPI6_Init  spi.o
    0x08005f8e   0x08005f8e   0x00000002   PAD
    0x08005f90   0x08005f90   0x0000008a   Code   RO           98    .text.MX_TIM12_Init  tim.o
    0x0800601a   0x0800601a   0x00000006   PAD
    0x08006020   0x08006020   0x000000e2   Code   RO           90    .text.MX_TIM1_Init  tim.o
    0x08006102   0x08006102   0x00000006   PAD
    0x08006108   0x08006108   0x00000096   Code   RO           94    .text.MX_TIM2_Init  tim.o
    0x0800619e   0x0800619e   0x00000002   PAD
    0x080061a0   0x080061a0   0x00000086   Code   RO           96    .text.MX_TIM3_Init  tim.o
    0x08006226   0x08006226   0x00000002   PAD
    0x08006228   0x08006228   0x00000080   Code   RO          116    .text.MX_UART4_Init  usart.o
    0x080062a8   0x080062a8   0x0000007c   Code   RO          118    .text.MX_UART5_Init  usart.o
    0x08006324   0x08006324   0x00000004   PAD
    0x08006328   0x08006328   0x0000007c   Code   RO          120    .text.MX_UART7_Init  usart.o
    0x080063a4   0x080063a4   0x00000004   PAD
    0x080063a8   0x080063a8   0x0000007c   Code   RO          128    .text.MX_USART10_UART_Init  usart.o
    0x08006424   0x08006424   0x00000004   PAD
    0x08006428   0x08006428   0x0000007c   Code   RO          122    .text.MX_USART1_UART_Init  usart.o
    0x080064a4   0x080064a4   0x00000004   PAD
    0x080064a8   0x080064a8   0x00000080   Code   RO          124    .text.MX_USART2_UART_Init  usart.o
    0x08006528   0x08006528   0x0000007c   Code   RO          126    .text.MX_USART3_UART_Init  usart.o
    0x080065a4   0x080065a4   0x00000004   PAD
    0x080065a8   0x080065a8   0x00000002   Code   RO          153    .text.MemManage_Handler  stm32h7xx_it.o
    0x080065aa   0x080065aa   0x00000006   PAD
    0x080065b0   0x080065b0   0x00000002   Code   RO          149    .text.NMI_Handler   stm32h7xx_it.o
    0x080065b2   0x080065b2   0x0000000e   PAD
    0x080065c0   0x080065c0   0x00000064   Code   RO         2432    .text.PendSV_Handler  port.o
    0x08006624   0x08006624   0x00000004   PAD
    0x08006628   0x08006628   0x00000122   Code   RO          833    .text.RCCEx_PLL2_Config  stm32h7xx_hal_rcc_ex.o
    0x0800674a   0x0800674a   0x00000006   PAD
    0x08006750   0x08006750   0x00000122   Code   RO          835    .text.RCCEx_PLL3_Config  stm32h7xx_hal_rcc_ex.o
    0x08006872   0x08006872   0x0000000e   PAD
    0x08006880   0x08006880   0x00000024   Code   RO         2416    .text.SVC_Handler   port.o
    0x080068a4   0x080068a4   0x00000004   PAD
    0x080068a8   0x080068a8   0x00000008   Code   RO           38    .text.StartDefaultTask  freertos.o
    0x080068b0   0x080068b0   0x0000001e   Code   RO         2227    .text.SysTick_Handler  cmsis_os2.o
    0x080068ce   0x080068ce   0x00000002   PAD
    0x080068d0   0x080068d0   0x000000c8   Code   RO           13    .text.SystemClock_Config  main.o
    0x08006998   0x08006998   0x000000d2   Code   RO         1864    .text.SystemInit    system_stm32h7xx.o
    0x08006a6a   0x08006a6a   0x00000006   PAD
    0x08006a70   0x08006a70   0x0000000c   Code   RO          169    .text.TIM7_IRQHandler  stm32h7xx_it.o
    0x08006a7c   0x08006a7c   0x00000004   PAD
    0x08006a80   0x08006a80   0x00000178   Code   RO          210    .text.TIM_Base_SetConfig  stm32h7xx_hal_tim.o
    0x08006bf8   0x08006bf8   0x0000000c   Code   RO          167    .text.UART4_IRQHandler  stm32h7xx_it.o
    0x08006c04   0x08006c04   0x00000004   PAD
    0x08006c08   0x08006c08   0x0000000c   Code   RO          171    .text.UART7_IRQHandler  stm32h7xx_it.o
    0x08006c14   0x08006c14   0x00000004   PAD
    0x08006c18   0x08006c18   0x000000e0   Code   RO         1682    .text.UART_AdvFeatureConfig  stm32h7xx_hal_uart.o
    0x08006cf8   0x08006cf8   0x0000016e   Code   RO         1686    .text.UART_CheckIdleState  stm32h7xx_hal_uart.o
    0x08006e66   0x08006e66   0x00000002   PAD
    0x08006e68   0x08006e68   0x0000000c   Code   RO         1764    .text.UART_DMAAbortOnError  stm32h7xx_hal_uart.o
    0x08006e74   0x08006e74   0x00000004   PAD
    0x08006e78   0x08006e78   0x000001f4   Code   RO         1724    .text.UART_DMAError  stm32h7xx_hal_uart.o
    0x0800706c   0x0800706c   0x00000004   PAD
    0x08007070   0x08007070   0x00000178   Code   RO         1808    .text.UART_DMAReceiveCplt  stm32h7xx_hal_uart.o
    0x080071e8   0x080071e8   0x0000001c   Code   RO         1810    .text.UART_DMARxHalfCplt  stm32h7xx_hal_uart.o
    0x08007204   0x08007204   0x00000004   PAD
    0x08007208   0x08007208   0x000004a0   Code   RO         1684    .text.UART_SetConfig  stm32h7xx_hal_uart.o
    0x080076a8   0x080076a8   0x00000154   Code   RO         1728    .text.UART_Start_Receive_DMA  stm32h7xx_hal_uart.o
    0x080077fc   0x080077fc   0x00000004   PAD
    0x08007800   0x08007800   0x00000358   Code   RO         1700    .text.UART_WaitOnFlagUntilTimeout  stm32h7xx_hal_uart.o
    0x08007b58   0x08007b58   0x0000000c   Code   RO          173    .text.USART10_IRQHandler  stm32h7xx_it.o
    0x08007b64   0x08007b64   0x00000004   PAD
    0x08007b68   0x08007b68   0x0000000c   Code   RO          161    .text.USART1_IRQHandler  stm32h7xx_it.o
    0x08007b74   0x08007b74   0x00000004   PAD
    0x08007b78   0x08007b78   0x0000000c   Code   RO          163    .text.USART2_IRQHandler  stm32h7xx_it.o
    0x08007b84   0x08007b84   0x00000004   PAD
    0x08007b88   0x08007b88   0x0000000c   Code   RO          165    .text.USART3_IRQHandler  stm32h7xx_it.o
    0x08007b94   0x08007b94   0x00000004   PAD
    0x08007b98   0x08007b98   0x00000002   Code   RO          157    .text.UsageFault_Handler  stm32h7xx_it.o
    0x08007b9a   0x08007b9a   0x00000006   PAD
    0x08007ba0   0x08007ba0   0x00000082   Code   RO           11    .text.main          main.o
    0x08007c22   0x08007c22   0x00000006   PAD
    0x08007c28   0x08007c28   0x00000020   Code   RO         2287    .text.osDelay       cmsis_os2.o
    0x08007c48   0x08007c48   0x0000002a   Code   RO         2229    .text.osKernelInitialize  cmsis_os2.o
    0x08007c72   0x08007c72   0x00000006   PAD
    0x08007c78   0x08007c78   0x0000003e   Code   RO         2235    .text.osKernelStart  cmsis_os2.o
    0x08007cb6   0x08007cb6   0x00000002   PAD
    0x08007cb8   0x08007cb8   0x00000094   Code   RO         2251    .text.osThreadNew   cmsis_os2.o
    0x08007d4c   0x08007d4c   0x00000004   PAD
    0x08007d50   0x08007d50   0x0000028a   Code   RO         2062    .text.prvAddNewTaskToReadyList  tasks.o
    0x08007fda   0x08007fda   0x00000006   PAD
    0x08007fe0   0x08007fe0   0x00000086   Code   RO         2094    .text.prvIdleTask   tasks.o
    0x08008066   0x08008066   0x00000002   PAD
    0x08008068   0x08008068   0x00000102   Code   RO         2060    .text.prvInitialiseNewTask  tasks.o
    0x0800816a   0x0800816a   0x00000006   PAD
    0x08008170   0x08008170   0x00000028   Code   RO         2424    .text.prvPortStartFirstTask  port.o
    0x08008198   0x08008198   0x00000040   Code   RO         2414    .text.prvTaskExitError  port.o
    0x080081d8   0x080081d8   0x0000037a   Code   RO         2179    .text.prvTimerTask  timers.o
    0x08008552   0x08008552   0x00000006   PAD
    0x08008558   0x08008558   0x0000007a   Code   RO         1961    .text.prvUnlockQueue  queue.o
    0x080085d2   0x080085d2   0x00000006   PAD
    0x080085d8   0x080085d8   0x000001e8   Code   RO         2390    .text.pvPortMalloc  heap_4.o
    0x080087c0   0x080087c0   0x0000002c   Code   RO         2412    .text.pxPortInitialiseStack  port.o
    0x080087ec   0x080087ec   0x00000004   PAD
    0x080087f0   0x080087f0   0x00000022   Code   RO         1925    .text.uxListRemove  list.o
    0x08008812   0x08008812   0x00000006   PAD
    0x08008818   0x08008818   0x0000001a   Code   RO         2373    .text.vApplicationGetIdleTaskMemory  cmsis_os2.o
    0x08008832   0x08008832   0x00000006   PAD
    0x08008838   0x08008838   0x0000001c   Code   RO         2375    .text.vApplicationGetTimerTaskMemory  cmsis_os2.o
    0x08008854   0x08008854   0x00000004   PAD
    0x08008858   0x08008858   0x00000016   Code   RO         1917    .text.vListInitialise  list.o
    0x0800886e   0x0800886e   0x00000002   PAD
    0x08008870   0x08008870   0x00000006   Code   RO         1919    .text.vListInitialiseItem  list.o
    0x08008876   0x08008876   0x00000002   PAD
    0x08008878   0x08008878   0x00000062   Code   RO         1923    .text.vListInsert   list.o
    0x080088da   0x080088da   0x00000006   PAD
    0x080088e0   0x080088e0   0x0000001a   Code   RO         1921    .text.vListInsertEnd  list.o
    0x080088fa   0x080088fa   0x00000006   PAD
    0x08008900   0x08008900   0x00000014   Code   RO         2422    .text.vPortEnableVFP  port.o
    0x08008914   0x08008914   0x00000004   PAD
    0x08008918   0x08008918   0x0000004a   Code   RO         2428    .text.vPortEnterCritical  port.o
    0x08008962   0x08008962   0x00000006   PAD
    0x08008968   0x08008968   0x0000002e   Code   RO         2430    .text.vPortExitCritical  port.o
    0x08008996   0x08008996   0x00000002   PAD
    0x08008998   0x08008998   0x000000de   Code   RO         2392    .text.vPortFree     heap_4.o
    0x08008a76   0x08008a76   0x00000002   PAD
    0x08008a78   0x08008a78   0x00000034   Code   RO         2420    .text.vPortSetupTimerInterrupt  port.o
    0x08008aac   0x08008aac   0x00000004   PAD
    0x08008ab0   0x08008ab0   0x00000058   Code   RO         1995    .text.vQueueAddToRegistry  queue.o
    0x08008b08   0x08008b08   0x00000064   Code   RO         1999    .text.vQueueWaitForMessageRestricted  queue.o
    0x08008b6c   0x08008b6c   0x00000004   PAD
    0x08008b70   0x08008b70   0x00000080   Code   RO         2074    .text.vTaskDelay    tasks.o
    0x08008bf0   0x08008bf0   0x00000012   Code   RO         2124    .text.vTaskInternalSetTimeOutState  tasks.o
    0x08008c02   0x08008c02   0x00000006   PAD
    0x08008c08   0x08008c08   0x0000000e   Code   RO         2128    .text.vTaskMissedYield  tasks.o
    0x08008c16   0x08008c16   0x00000002   PAD
    0x08008c18   0x08008c18   0x00000074   Code   RO         2112    .text.vTaskPlaceOnEventList  tasks.o
    0x08008c8c   0x08008c8c   0x00000004   PAD
    0x08008c90   0x08008c90   0x0000007a   Code   RO         2116    .text.vTaskPlaceOnEventListRestricted  tasks.o
    0x08008d0a   0x08008d0a   0x00000006   PAD
    0x08008d10   0x08008d10   0x000000f0   Code   RO         2092    .text.vTaskStartScheduler  tasks.o
    0x08008e00   0x08008e00   0x00000010   Code   RO         2070    .text.vTaskSuspendAll  tasks.o
    0x08008e10   0x08008e10   0x000000c8   Code   RO         2086    .text.vTaskSwitchContext  tasks.o
    0x08008ed8   0x08008ed8   0x0000018a   Code   RO         2418    .text.xPortStartScheduler  port.o
    0x08009062   0x08009062   0x00000006   PAD
    0x08009068   0x08009068   0x0000002e   Code   RO         2434    .text.xPortSysTickHandler  port.o
    0x08009096   0x08009096   0x00000002   PAD
    0x08009098   0x08009098   0x000000da   Code   RO         1937    .text.xQueueGenericCreateStatic  queue.o
    0x08009172   0x08009172   0x00000006   PAD
    0x08009178   0x08009178   0x000002c0   Code   RO         1951    .text.xQueueGenericSend  queue.o
    0x08009438   0x08009438   0x0000023e   Code   RO         1967    .text.xQueueReceive  queue.o
    0x08009676   0x08009676   0x00000002   PAD
    0x08009678   0x08009678   0x0000009a   Code   RO         2126    .text.xTaskCheckForTimeOut  tasks.o
    0x08009712   0x08009712   0x00000006   PAD
    0x08009718   0x08009718   0x00000060   Code   RO         2064    .text.xTaskCreate   tasks.o
    0x08009778   0x08009778   0x0000007a   Code   RO         2058    .text.xTaskCreateStatic  tasks.o
    0x080097f2   0x080097f2   0x00000006   PAD
    0x080097f8   0x080097f8   0x0000001c   Code   RO         2140    .text.xTaskGetSchedulerState  tasks.o
    0x08009814   0x08009814   0x00000004   PAD
    0x08009818   0x08009818   0x0000000c   Code   RO         2100    .text.xTaskGetTickCount  tasks.o
    0x08009824   0x08009824   0x00000004   PAD
    0x08009828   0x08009828   0x00000104   Code   RO         2098    .text.xTaskIncrementTick  tasks.o
    0x0800992c   0x0800992c   0x00000004   PAD
    0x08009930   0x08009930   0x0000008e   Code   RO         2144    .text.xTaskPriorityDisinherit  tasks.o
    0x080099be   0x080099be   0x00000002   PAD
    0x080099c0   0x080099c0   0x00000074   Code   RO         2118    .text.xTaskRemoveFromEventList  tasks.o
    0x08009a34   0x08009a34   0x00000004   PAD
    0x08009a38   0x08009a38   0x000000ee   Code   RO         2072    .text.xTaskResumeAll  tasks.o
    0x08009b26   0x08009b26   0x00000002   PAD
    0x08009b28   0x08009b28   0x000000b4   Code   RO         2177    .text.xTimerCreateTimerTask  timers.o
    0x08009bdc   0x08009bdc   0x0000001a   Code   RO         2998    x$fpl$fpinit        fz_wv.l(fpinit.o)
    0x08009bf6   0x08009bf6   0x00000002   PAD
    0x08009bf8   0x08009bf8   0x0000004c   Data   RO          785    .rodata..L__const.HAL_FDCAN_Init.CvtEltSize  stm32h7xx_hal_fdcan.o
    0x08009c44   0x08009c44   0x00000006   Data   RO         1813    .rodata..Lswitch.table.UART_SetConfig.7  stm32h7xx_hal_uart.o
    0x08009c4a   0x08009c4a   0x00000006   Data   RO         1814    .rodata..Lswitch.table.UART_SetConfig.9  stm32h7xx_hal_uart.o
    0x08009c50   0x08009c50   0x00000010   Data   RO         1870    .rodata.D1CorePrescTable  system_stm32h7xx.o
    0x08009c60   0x08009c60   0x00000018   Data   RO         1812    .rodata.UARTPrescTable  stm32h7xx_hal_uart.o
    0x08009c78   0x08009c78   0x00000010   Data   RO         1855    .rodata.cst8        stm32h7xx_hal_uart_ex.o
    0x08009c88   0x08009c88   0x00000024   Data   RO           41    .rodata.defaultTask_attributes  freertos.o
    0x08009cac   0x08009cac   0x0000000c   Data   RO           40    .rodata.str1.1      freertos.o
    0x08009cb8   0x08009cb8   0x00000005   Data   RO         2217    .rodata.str1.1      timers.o
    0x08009cbd   0x08009cbd   0x00000003   PAD
    0x08009cc0   0x08009cc0   0x00000020   Data   RO         3092    Region$$Table       anon$$obj.o


    Execution Region RW_IRAM1 (Exec base: 0x20000000, Load base: 0x08009ce0, Size: 0x00000000, Max: 0x00020000, ABSOLUTE)

    **** No section assigned to this execution region ****


    Execution Region RW_IRAM2 (Exec base: 0x24000000, Load base: 0x08009ce0, Size: 0x000058b0, Max: 0x00050000, ABSOLUTE)

    Exec Addr    Load Addr    Size         Type   Attr      Idx    E Section Name        Object

    0x24000000   0x08009ce0   0x00000008   Data   RW         1353    .data..L_MergedGlobals  stm32h7xx_hal.o
    0x24000008   0x08009ce8   0x00000008   Data   RW         1871    .data..L_MergedGlobals  system_stm32h7xx.o
    0x24000010   0x08009cf0   0x00000004   Data   RW         2438    .data.uxCriticalNesting  port.o
    0x24000014   0x08009cf4   0x00000004   PAD
    0x24000018        -       0x00000060   Zero   RW         2962    .bss                c_w.l(libspace.o)
    0x24000078        -       0x00000078   Zero   RW         2167    .bss..L_MergedGlobals  tasks.o
    0x240000f0        -       0x0000003c   Zero   RW         2218    .bss..L_MergedGlobals  timers.o
    0x2400012c        -       0x00000020   Zero   RW         2403    .bss..L_MergedGlobals  heap_4.o
    0x2400014c        -       0x00000008   Zero   RW         2439    .bss..L_MergedGlobals  port.o
    0x24000154        -       0x00000044   Zero   RW         2486    .bss..L_MergedGlobals  bsp_pwm.o
    0x24000198        -       0x00000020   Zero   RW         2535    .bss..L_MergedGlobals  bsp_usart.o
    0x240001b8        -       0x00000028   Zero   RW         2168    .bss..L_MergedGlobals.2  tasks.o
    0x240001e0        -       0x00000004   Zero   RW           63    .bss.HAL_RCC_FDCAN_CLK_ENABLED  fdcan.o
    0x240001e4        -       0x00000004   Zero   RW         2377    .bss.KernelState    cmsis_os2.o
    0x240001e8        -       0x00000004   Zero   RW           42    .bss.defaultTaskHandle  freertos.o
    0x240001ec        -       0x000000a0   Zero   RW           60    .bss.hfdcan1        fdcan.o
    0x2400028c        -       0x000000a0   Zero   RW           61    .bss.hfdcan2        fdcan.o
    0x2400032c        -       0x000000a0   Zero   RW           62    .bss.hfdcan3        fdcan.o
    0x240003cc        -       0x00000088   Zero   RW           80    .bss.hspi2          spi.o
    0x24000454        -       0x00000088   Zero   RW           81    .bss.hspi6          spi.o
    0x240004dc        -       0x0000004c   Zero   RW          104    .bss.htim1          tim.o
    0x24000528        -       0x0000004c   Zero   RW          107    .bss.htim12         tim.o
    0x24000574        -       0x0000004c   Zero   RW          105    .bss.htim2          tim.o
    0x240005c0        -       0x0000004c   Zero   RW          106    .bss.htim3          tim.o
    0x2400060c        -       0x0000004c   Zero   RW          197    .bss.htim7          stm32h7xx_hal_timebase_tim.o
    0x24000658        -       0x00000094   Zero   RW          137    .bss.huart1         usart.o
    0x240006ec        -       0x00000094   Zero   RW          140    .bss.huart10        usart.o
    0x24000780        -       0x00000094   Zero   RW          138    .bss.huart2         usart.o
    0x24000814        -       0x00000094   Zero   RW          139    .bss.huart3         usart.o
    0x240008a8        -       0x00000094   Zero   RW          134    .bss.huart4         usart.o
    0x2400093c        -       0x00000094   Zero   RW          135    .bss.huart5         usart.o
    0x240009d0        -       0x00000094   Zero   RW          136    .bss.huart7         usart.o
    0x24000a64        -       0x000000a0   Zero   RW         2216    .bss.prvCheckForValidListAndQueue.ucStaticTimerQueueStorage  timers.o
    0x24000b04        -       0x00000050   Zero   RW         2215    .bss.prvCheckForValidListAndQueue.xStaticTimerQueue  timers.o
    0x24000b54        -       0x00000460   Zero   RW         2166    .bss.pxReadyTasksLists  tasks.o
    0x24000fb4        -       0x00003c00   Zero   RW         2402    .bss.ucHeap         heap_4.o
    0x24004bb4        -       0x00000004   Zero   RW         1352    .bss.uwTick         stm32h7xx_hal.o
    0x24004bb8        -       0x00000200   Zero   RW         2379    .bss.vApplicationGetIdleTaskMemory.Idle_Stack  cmsis_os2.o
    0x24004db8        -       0x0000005c   Zero   RW         2378    .bss.vApplicationGetIdleTaskMemory.Idle_TCB  cmsis_os2.o
    0x24004e14        -       0x00000400   Zero   RW         2381    .bss.vApplicationGetTimerTaskMemory.Timer_Stack  cmsis_os2.o
    0x24005214        -       0x0000005c   Zero   RW         2380    .bss.vApplicationGetTimerTaskMemory.Timer_TCB  cmsis_os2.o
    0x24005270        -       0x00000040   Zero   RW         2001    .bss.xQueueRegistry  queue.o
    0x240052b0        -       0x00000200   Zero   RW            2    HEAP                startup_stm32h723xx.o
    0x240054b0        -       0x00000400   Zero   RW            1    STACK               startup_stm32h723xx.o


==============================================================================

Image component sizes


      Code (inc. data)   RO Data    RW Data    ZI Data      Debug   Object Name

        82          0          0          0         68       8585   bsp_pwm.o
       860          0          0          0         32       9014   bsp_usart.o
       368          0          0          0       1724      45781   cmsis_os2.o
       770          0          0          0        484       9328   fdcan.o
        44          0         48          0          4       2875   freertos.o
       122          0          0          0          0       2388   gpio.o
       710          0          0          0      15392       5944   heap_4.o
       186          0          0          0          0       2411   list.o
       360          0          0          0          0       7040   main.o
       916         16          0          4          8       4408   port.o
      1806          0          0          0         64      31058   queue.o
       486          0          0          0        272       8799   spi.o
        72         30        716          0       1536        852   startup_stm32h723xx.o
       138          0          0          8          4      16060   stm32h7xx_hal.o
       350          0          0          0          0      12478   stm32h7xx_hal_cortex.o
      3730          0          0          0          0      18285   stm32h7xx_hal_dma.o
      1020          0         76          0          0      62623   stm32h7xx_hal_fdcan.o
       706          0          0          0          0       7075   stm32h7xx_hal_gpio.o
        42          0          0          0          0       5496   stm32h7xx_hal_msp.o
        76          0          0          0          0       9798   stm32h7xx_hal_pwr_ex.o
      2560         24          0          0          0      11739   stm32h7xx_hal_rcc.o
      3898        144          0          0          0      20128   stm32h7xx_hal_rcc_ex.o
       444          0          0          0          0      23688   stm32h7xx_hal_spi.o
      2362         14          0          0          0      67614   stm32h7xx_hal_tim.o
       424          0          0          0          0      27331   stm32h7xx_hal_tim_ex.o
       168          0          0          0         76       9774   stm32h7xx_hal_timebase_tim.o
      6422        332         36          0          0      43845   stm32h7xx_hal_uart.o
       624          0         16          0          0      11631   stm32h7xx_hal_uart_ex.o
        96          0          0          0          0       6900   stm32h7xx_it.o
       254          0         16          8          0       5704   system_stm32h7xx.o
      3064          8          0          0       1280      43723   tasks.o
      1042          0          0          0        304      10259   tim.o
      1070         18          5          0        300      16850   timers.o
      2330          0          0          0       1036      14028   usart.o

    ----------------------------------------------------------------------
     38212        602        948         20      22588     583512   Object Totals
         0          0         32          0          0          0   (incl. Generated)
       610         16          3          0          4          0   (incl. Padding)

    ----------------------------------------------------------------------

      Code (inc. data)   RO Data    RW Data    ZI Data      Debug   Library Member Name

         8          0          0          0          0         68   __main.o
         0          0          0          0          0          0   __rtentry.o
        12          0          0          0          0          0   __rtentry2.o
         6          0          0          0          0          0   __rtentry4.o
        94          8          0          0          0          0   __scatter.o
        26          0          0          0          0          0   __scatter_copy.o
        28          0          0          0          0          0   __scatter_zi.o
        16          0          0          0          0         68   aeabi_memset4.o
        18          0          0          0          0         80   exit.o
         6          0          0          0          0        152   heapauxi.o
         0          0          0          0          0          0   indicate_semi.o
         2          0          0          0          0          0   libinit.o
         6          0          0          0          0          0   libinit2.o
         2          0          0          0          0          0   libshutdown.o
         2          0          0          0          0          0   libshutdown2.o
         8          4          0          0         96         68   libspace.o
       240          0          0          0          0        100   lludivv7m.o
        68          0          0          0          0         68   rt_memclr.o
        78          0          0          0          0         80   rt_memclr_w.o
       138          0          0          0          0         68   rt_memcpy_v6.o
       100          0          0          0          0         80   rt_memcpy_w.o
         2          0          0          0          0          0   rtexit.o
        10          0          0          0          0          0   rtexit2.o
        12          4          0          0          0         68   sys_exit.o
        74          0          0          0          0         80   sys_stackheap_outer.o
         2          0          0          0          0         68   use_no_semi.o
        26          0          0          0          0        116   fpinit.o

    ----------------------------------------------------------------------
      1000         20          0          0         96       1164   Library Totals
        16          4          0          0          0          0   (incl. Padding)

    ----------------------------------------------------------------------

      Code (inc. data)   RO Data    RW Data    ZI Data      Debug   Library Name

       958         16          0          0         96       1048   c_w.l
        26          0          0          0          0        116   fz_wv.l

    ----------------------------------------------------------------------
      1000         20          0          0         96       1164   Library Totals

    ----------------------------------------------------------------------

==============================================================================


      Code (inc. data)   RO Data    RW Data    ZI Data      Debug   

     39212        622        948         20      22684     583636   Grand Totals
     39212        622        948         20      22684     583636   ELF Image Totals
     39212        622        948         20          0          0   ROM Totals

==============================================================================

    Total RO  Size (Code + RO Data)                40160 (  39.22kB)
    Total RW  Size (RW Data + ZI Data)             22704 (  22.17kB)
    Total ROM Size (Code + RO Data + RW Data)      40180 (  39.24kB)

==============================================================================

